
D:\DEV\Workspaces\STS\Sandbox\spring-boot-rest>if "C:\Users\User1" == "" (set "HOME=C:\Users\User1" ) 

D:\DEV\Workspaces\STS\Sandbox\spring-boot-rest>if not "" == "" goto skipRcPre 

D:\DEV\Workspaces\STS\Sandbox\spring-boot-rest>if exist "C:\Users\User1\mavenrc_pre.bat" call "C:\Users\User1\mavenrc_pre.bat" 

D:\DEV\Workspaces\STS\Sandbox\spring-boot-rest>if exist "C:\Users\User1\mavenrc_pre.cmd" call "C:\Users\User1\mavenrc_pre.cmd" 

D:\DEV\Workspaces\STS\Sandbox\spring-boot-rest>set ERROR_CODE=0 

D:\DEV\Workspaces\STS\Sandbox\spring-boot-rest>if not "D:\DEV\Java\jdk1.8.0_171" == "" goto OkJHome 

D:\DEV\Workspaces\STS\Sandbox\spring-boot-rest>if exist "D:\DEV\Java\jdk1.8.0_171\bin\java.exe" goto init 

D:\DEV\Workspaces\STS\Sandbox\spring-boot-rest>set MAVEN_PROJECTBASEDIR= 

D:\DEV\Workspaces\STS\Sandbox\spring-boot-rest>IF NOT "" == "" goto endDetectBaseDir 

D:\DEV\Workspaces\STS\Sandbox\spring-boot-rest>set EXEC_DIR=D:\DEV\Workspaces\STS\Sandbox\spring-boot-rest 

D:\DEV\Workspaces\STS\Sandbox\spring-boot-rest>set WDIR=D:\DEV\Workspaces\STS\Sandbox\spring-boot-rest 

D:\DEV\Workspaces\STS\Sandbox\spring-boot-rest>IF EXIST "D:\DEV\Workspaces\STS\Sandbox\spring-boot-rest"\.mvn goto baseDirFound 

D:\DEV\Workspaces\STS\Sandbox\spring-boot-rest>set MAVEN_PROJECTBASEDIR=D:\DEV\Workspaces\STS\Sandbox\spring-boot-rest 

D:\DEV\Workspaces\STS\Sandbox\spring-boot-rest>cd "D:\DEV\Workspaces\STS\Sandbox\spring-boot-rest" 

D:\DEV\Workspaces\STS\Sandbox\spring-boot-rest>goto endDetectBaseDir 

D:\DEV\Workspaces\STS\Sandbox\spring-boot-rest>IF NOT EXIST "D:\DEV\Workspaces\STS\Sandbox\spring-boot-rest\.mvn\jvm.config" goto endReadAdditionalConfig 

D:\DEV\Workspaces\STS\Sandbox\spring-boot-rest>SET MAVEN_JAVA_EXE="D:\DEV\Java\jdk1.8.0_171\bin\java.exe" 

D:\DEV\Workspaces\STS\Sandbox\spring-boot-rest>set WRAPPER_JAR="D:\DEV\Workspaces\STS\Sandbox\spring-boot-rest\.mvn\wrapper\maven-wrapper.jar" 

D:\DEV\Workspaces\STS\Sandbox\spring-boot-rest>set WRAPPER_LAUNCHER=org.apache.maven.wrapper.MavenWrapperMain 

D:\DEV\Workspaces\STS\Sandbox\spring-boot-rest>"D:\DEV\Java\jdk1.8.0_171\bin\java.exe"    -classpath "D:\DEV\Workspaces\STS\Sandbox\spring-boot-rest\.mvn\wrapper\maven-wrapper.jar" "-Dmaven.multiModuleProjectDirectory=D:\DEV\Workspaces\STS\Sandbox\spring-boot-rest" org.apache.maven.wrapper.MavenWrapperMain  package 
Downloading https://repo1.maven.org/maven2/org/apache/maven/apache-maven/3.5.3/apache-maven-3.5.3-bin.zip
...............................................................................................................................................................................................................................................................................................................................................................................................................................................................
Unzipping C:\Users\User1\.m2\wrapper\dists\apache-maven-3.5.3-bin\2c22a6s60afpuloj4v181qvild\apache-maven-3.5.3-bin.zip to C:\Users\User1\.m2\wrapper\dists\apache-maven-3.5.3-bin\2c22a6s60afpuloj4v181qvild
[INFO] Scanning for projects...
Downloading from central: https://repo.maven.apache.org/maven2/com/fasterxml/jackson/jackson-bom/2.8.11.20180608/jackson-bom-2.8.11.20180608.pom
Progress (1): 2.2/11 kBProgress (1): 5.0/11 kBProgress (1): 7.8/11 kBProgress (1): 11/11 kB Progress (1): 11 kB                      Downloaded from central: https://repo.maven.apache.org/maven2/com/fasterxml/jackson/jackson-bom/2.8.11.20180608/jackson-bom-2.8.11.20180608.pom (11 kB at 43 kB/s)
Downloading from central: https://repo.maven.apache.org/maven2/com/fasterxml/jackson/jackson-parent/2.8/jackson-parent-2.8.pom
Progress (1): 2.8/8.0 kBProgress (1): 5.5/8.0 kBProgress (1): 8.0 kB                        Downloaded from central: https://repo.maven.apache.org/maven2/com/fasterxml/jackson/jackson-parent/2.8/jackson-parent-2.8.pom (8.0 kB at 173 kB/s)
Downloading from central: https://repo.maven.apache.org/maven2/com/fasterxml/oss-parent/27/oss-parent-27.pom
Progress (1): 2.8/20 kBProgress (1): 5.5/20 kBProgress (1): 8.3/20 kBProgress (1): 11/20 kB Progress (1): 14/20 kBProgress (1): 16/20 kBProgress (1): 19/20 kBProgress (1): 20 kB                      Downloaded from central: https://repo.maven.apache.org/maven2/com/fasterxml/oss-parent/27/oss-parent-27.pom (20 kB at 409 kB/s)
[INFO] 
[INFO] ------------------< com.integration:spring-boot-rest >------------------
[INFO] Building spring-boot-rest 0.0.1-SNAPSHOT
[INFO] --------------------------------[ jar ]---------------------------------
Downloading from central: https://repo.maven.apache.org/maven2/com/ibm/jbatch/com.ibm.jbatch-tck-spi/1.0/com.ibm.jbatch-tck-spi-1.0.pom
Progress (1): 2.2/2.4 kBProgress (1): 2.4 kB                        Downloaded from central: https://repo.maven.apache.org/maven2/com/ibm/jbatch/com.ibm.jbatch-tck-spi/1.0/com.ibm.jbatch-tck-spi-1.0.pom (2.4 kB at 52 kB/s)
Downloading from central: https://repo.maven.apache.org/maven2/com/thoughtworks/xstream/xstream/1.4.7/xstream-1.4.7.pom
Progress (1): 2.8/11 kBProgress (1): 5.5/11 kBProgress (1): 8.3/11 kBProgress (1): 11/11 kB Progress (1): 11 kB                      Downloaded from central: https://repo.maven.apache.org/maven2/com/thoughtworks/xstream/xstream/1.4.7/xstream-1.4.7.pom (11 kB at 187 kB/s)
Downloading from central: https://repo.maven.apache.org/maven2/com/thoughtworks/xstream/xstream-parent/1.4.7/xstream-parent-1.4.7.pom
Progress (1): 2.8/26 kBProgress (1): 5.5/26 kBProgress (1): 8.3/26 kBProgress (1): 11/26 kB Progress (1): 14/26 kBProgress (1): 16/26 kBProgress (1): 19/26 kBProgress (1): 22/26 kBProgress (1): 25/26 kBProgress (1): 26 kB                      Downloaded from central: https://repo.maven.apache.org/maven2/com/thoughtworks/xstream/xstream-parent/1.4.7/xstream-parent-1.4.7.pom (26 kB at 515 kB/s)
Downloading from central: https://repo.maven.apache.org/maven2/com/fasterxml/classmate/1.3.4/classmate-1.3.4.pom
Progress (1): 2.8/5.8 kBProgress (1): 5.5/5.8 kBProgress (1): 5.8 kB                        Downloaded from central: https://repo.maven.apache.org/maven2/com/fasterxml/classmate/1.3.4/classmate-1.3.4.pom (5.8 kB at 136 kB/s)
Downloading from central: https://repo.maven.apache.org/maven2/com/fasterxml/oss-parent/24/oss-parent-24.pom
Progress (1): 2.8/19 kBProgress (1): 5.5/19 kBProgress (1): 8.3/19 kBProgress (1): 11/19 kB Progress (1): 14/19 kBProgress (1): 16/19 kBProgress (1): 19/19 kBProgress (1): 19 kB                      Downloaded from central: https://repo.maven.apache.org/maven2/com/fasterxml/oss-parent/24/oss-parent-24.pom (19 kB at 442 kB/s)
Downloading from central: https://repo.maven.apache.org/maven2/com/fasterxml/jackson/core/jackson-databind/2.8.11.2/jackson-databind-2.8.11.2.pom
Progress (1): 2.2/5.4 kBProgress (1): 5.0/5.4 kBProgress (1): 5.4 kB                        Downloaded from central: https://repo.maven.apache.org/maven2/com/fasterxml/jackson/core/jackson-databind/2.8.11.2/jackson-databind-2.8.11.2.pom (5.4 kB at 126 kB/s)
Downloading from central: https://repo.maven.apache.org/maven2/com/fasterxml/jackson/core/jackson-annotations/2.8.0/jackson-annotations-2.8.0.pom
Progress (1): 1.8 kB                    Downloaded from central: https://repo.maven.apache.org/maven2/com/fasterxml/jackson/core/jackson-annotations/2.8.0/jackson-annotations-2.8.0.pom (1.8 kB at 44 kB/s)
Downloading from central: https://repo.maven.apache.org/maven2/com/fasterxml/jackson/core/jackson-core/2.8.11/jackson-core-2.8.11.pom
Progress (1): 2.2/5.4 kBProgress (1): 5.0/5.4 kBProgress (1): 5.4 kB                        Downloaded from central: https://repo.maven.apache.org/maven2/com/fasterxml/jackson/core/jackson-core/2.8.11/jackson-core-2.8.11.pom (5.4 kB at 126 kB/s)
Downloading from central: https://repo.maven.apache.org/maven2/com/fasterxml/jackson/jackson-bom/2.8.10/jackson-bom-2.8.10.pom
Progress (1): 2.8/10 kBProgress (1): 5.5/10 kBProgress (1): 8.3/10 kBProgress (1): 10 kB                       Downloaded from central: https://repo.maven.apache.org/maven2/com/fasterxml/jackson/jackson-bom/2.8.10/jackson-bom-2.8.10.pom (10 kB at 222 kB/s)
Downloading from central: https://repo.maven.apache.org/maven2/com/amazonaws/aws-java-sdk-bom/1.11.125/aws-java-sdk-bom-1.11.125.pom
Progress (1): 2.8/21 kBProgress (1): 5.5/21 kBProgress (1): 8.3/21 kBProgress (1): 11/21 kB Progress (1): 14/21 kBProgress (1): 16/21 kBProgress (1): 19/21 kBProgress (1): 21 kB                      Downloaded from central: https://repo.maven.apache.org/maven2/com/amazonaws/aws-java-sdk-bom/1.11.125/aws-java-sdk-bom-1.11.125.pom (21 kB at 473 kB/s)
Downloading from central: https://repo.maven.apache.org/maven2/com/amazonaws/aws-java-sdk-pom/1.11.125/aws-java-sdk-pom-1.11.125.pom
Progress (1): 2.8/11 kBProgress (1): 5.5/11 kBProgress (1): 8.3/11 kBProgress (1): 11 kB                       Downloaded from central: https://repo.maven.apache.org/maven2/com/amazonaws/aws-java-sdk-pom/1.11.125/aws-java-sdk-pom-1.11.125.pom (11 kB at 250 kB/s)
Downloading from central: https://repo.maven.apache.org/maven2/com/amazonaws/elasticache-java-cluster-client/1.1.1/elasticache-java-cluster-client-1.1.1.pom
Progress (1): 2.2/2.6 kBProgress (1): 2.6 kB                        Downloaded from central: https://repo.maven.apache.org/maven2/com/amazonaws/elasticache-java-cluster-client/1.1.1/elasticache-java-cluster-client-1.1.1.pom (2.6 kB at 58 kB/s)
Downloading from central: https://repo.maven.apache.org/maven2/com/fasterxml/jackson/jackson-bom/2.8.11.20180217/jackson-bom-2.8.11.20180217.pom
Progress (1): 2.2/11 kBProgress (1): 5.0/11 kBProgress (1): 7.8/11 kBProgress (1): 11/11 kB Progress (1): 11 kB                      Downloaded from central: https://repo.maven.apache.org/maven2/com/fasterxml/jackson/jackson-bom/2.8.11.20180217/jackson-bom-2.8.11.20180217.pom (11 kB at 240 kB/s)
Downloading from central: https://repo.maven.apache.org/maven2/com/sun/xml/bind/jaxb-core/2.3.0/jaxb-core-2.3.0.pom
Progress (1): 2.2/16 kBProgress (1): 5.0/16 kBProgress (1): 7.8/16 kBProgress (1): 11/16 kB Progress (1): 13/16 kBProgress (1): 16/16 kBProgress (1): 16 kB                      Downloaded from central: https://repo.maven.apache.org/maven2/com/sun/xml/bind/jaxb-core/2.3.0/jaxb-core-2.3.0.pom (16 kB at 359 kB/s)
Downloading from central: https://repo.maven.apache.org/maven2/com/sun/xml/bind/mvn/jaxb-bundles/2.3.0/jaxb-bundles-2.3.0.pom
Progress (1): 2.2/2.9 kBProgress (1): 2.9 kB                        Downloaded from central: https://repo.maven.apache.org/maven2/com/sun/xml/bind/mvn/jaxb-bundles/2.3.0/jaxb-bundles-2.3.0.pom (2.9 kB at 69 kB/s)
Downloading from central: https://repo.maven.apache.org/maven2/com/sun/xml/bind/mvn/jaxb-parent/2.3.0/jaxb-parent-2.3.0.pom
Progress (1): 2.8/43 kBProgress (1): 3.8/43 kBProgress (1): 6.6/43 kBProgress (1): 7.9/43 kBProgress (1): 11/43 kB Progress (1): 12/43 kBProgress (1): 15/43 kBProgress (1): 16/43 kBProgress (1): 19/43 kBProgress (1): 20/43 kBProgress (1): 23/43 kBProgress (1): 24/43 kBProgress (1): 27/43 kBProgress (1): 28/43 kBProgress (1): 31/43 kBProgress (1): 33/43 kBProgress (1): 35/43 kBProgress (1): 37/43 kBProgress (1): 39/43 kBProgress (1): 42/43 kBProgress (1): 43 kB                      Downloaded from central: https://repo.maven.apache.org/maven2/com/sun/xml/bind/mvn/jaxb-parent/2.3.0/jaxb-parent-2.3.0.pom (43 kB at 914 kB/s)
Downloading from central: https://repo.maven.apache.org/maven2/com/sun/xml/bind/jaxb-bom-ext/2.3.0/jaxb-bom-ext-2.3.0.pom
Progress (1): 2.8/6.2 kBProgress (1): 5.5/6.2 kBProgress (1): 6.2 kB                        Downloaded from central: https://repo.maven.apache.org/maven2/com/sun/xml/bind/jaxb-bom-ext/2.3.0/jaxb-bom-ext-2.3.0.pom (6.2 kB at 147 kB/s)
Downloading from central: https://repo.maven.apache.org/maven2/com/sun/xml/bind/jaxb-impl/2.3.0/jaxb-impl-2.3.0.pom
Progress (1): 2.8/15 kBProgress (1): 5.5/15 kBProgress (1): 8.3/15 kBProgress (1): 11/15 kB Progress (1): 14/15 kBProgress (1): 15 kB                      Downloaded from central: https://repo.maven.apache.org/maven2/com/sun/xml/bind/jaxb-impl/2.3.0/jaxb-impl-2.3.0.pom (15 kB at 338 kB/s)
Downloading from central: https://repo.maven.apache.org/maven2/com/jayway/jsonpath/json-path/2.2.0/json-path-2.2.0.pom
Progress (1): 2.4 kB                    Downloaded from central: https://repo.maven.apache.org/maven2/com/jayway/jsonpath/json-path/2.2.0/json-path-2.2.0.pom (2.4 kB at 62 kB/s)
Downloading from central: https://repo.maven.apache.org/maven2/com/vaadin/external/google/android-json/0.0.20131108.vaadin1/android-json-0.0.20131108.vaadin1.pom
Progress (1): 2.8/2.8 kBProgress (1): 2.8 kB                        Downloaded from central: https://repo.maven.apache.org/maven2/com/vaadin/external/google/android-json/0.0.20131108.vaadin1/android-json-0.0.20131108.vaadin1.pom (2.8 kB at 62 kB/s)
Downloading from central: https://repo.maven.apache.org/maven2/com/ibm/jbatch/com.ibm.jbatch-tck-spi/1.0/com.ibm.jbatch-tck-spi-1.0.jar
Downloading from central: https://repo.maven.apache.org/maven2/com/fasterxml/jackson/core/jackson-annotations/2.8.0/jackson-annotations-2.8.0.jar
Downloading from central: https://repo.maven.apache.org/maven2/com/fasterxml/jackson/core/jackson-databind/2.8.11.2/jackson-databind-2.8.11.2.jar
Downloading from central: https://repo.maven.apache.org/maven2/com/fasterxml/classmate/1.3.4/classmate-1.3.4.jar
Downloading from central: https://repo.maven.apache.org/maven2/com/thoughtworks/xstream/xstream/1.4.7/xstream-1.4.7.jar
Progress (1): 2.2/3.8 kBProgress (1): 3.8 kB    Progress (2): 3.8 kB | 2.8/65 kBProgress (3): 3.8 kB | 2.8/65 kB | 2.2/532 kBProgress (3): 3.8 kB | 5.5/65 kB | 2.2/532 kBProgress (3): 3.8 kB | 5.5/65 kB | 5.0/532 kBProgress (3): 3.8 kB | 5.5/65 kB | 7.7/532 kBProgress (3): 3.8 kB | 5.5/65 kB | 10/532 kB Progress (3): 3.8 kB | 5.5/65 kB | 13/532 kBProgress (3): 3.8 kB | 8.3/65 kB | 13/532 kBProgress (3): 3.8 kB | 11/65 kB | 13/532 kB Progress (4): 3.8 kB | 11/65 kB | 13/532 kB | 2.8/56 kBProgress (4): 3.8 kB | 11/65 kB | 13/532 kB | 5.5/56 kBProgress (4): 3.8 kB | 11/65 kB | 13/532 kB | 8.3/56 kBProgress (4): 3.8 kB | 11/65 kB | 13/532 kB | 8.8/56 kBProgress (4): 3.8 kB | 11/65 kB | 13/532 kB | 12/56 kB Progress (4): 3.8 kB | 14/65 kB | 13/532 kB | 12/56 kBProgress (4): 3.8 kB | 16/65 kB | 13/532 kB | 12/56 kBProgress (4): 3.8 kB | 19/65 kB | 13/532 kB | 12/56 kB                                                      Downloaded from central: https://repo.maven.apache.org/maven2/com/ibm/jbatch/com.ibm.jbatch-tck-spi/1.0/com.ibm.jbatch-tck-spi-1.0.jar (3.8 kB at 53 kB/s)
Downloading from central: https://repo.maven.apache.org/maven2/com/fasterxml/jackson/core/jackson-core/2.8.11/jackson-core-2.8.11.jar
Progress (4): 19/65 kB | 13/532 kB | 12/56 kB | 0/1.2 MBProgress (4): 19/65 kB | 13/532 kB | 13/56 kB | 0/1.2 MBProgress (4): 19/65 kB | 16/532 kB | 13/56 kB | 0/1.2 MBProgress (4): 22/65 kB | 16/532 kB | 13/56 kB | 0/1.2 MBProgress (4): 22/65 kB | 19/532 kB | 13/56 kB | 0/1.2 MBProgress (4): 22/65 kB | 19/532 kB | 16/56 kB | 0/1.2 MBProgress (4): 22/65 kB | 19/532 kB | 16/56 kB | 0/1.2 MBProgress (4): 22/65 kB | 19/532 kB | 17/56 kB | 0/1.2 MBProgress (4): 22/65 kB | 21/532 kB | 17/56 kB | 0/1.2 MBProgress (4): 25/65 kB | 21/532 kB | 17/56 kB | 0/1.2 MBProgress (4): 25/65 kB | 24/532 kB | 17/56 kB | 0/1.2 MBProgress (4): 25/65 kB | 24/532 kB | 20/56 kB | 0/1.2 MBProgress (4): 25/65 kB | 24/532 kB | 20/56 kB | 0/1.2 MBProgress (4): 25/65 kB | 24/532 kB | 21/56 kB | 0/1.2 MBProgress (4): 25/65 kB | 27/532 kB | 21/56 kB | 0/1.2 MBProgress (4): 27/65 kB | 27/532 kB | 21/56 kB | 0/1.2 MBProgress (4): 27/65 kB | 30/532 kB | 21/56 kB | 0/1.2 MBProgress (4): 27/65 kB | 30/532 kB | 24/56 kB | 0/1.2 MBProgress (4): 27/65 kB | 30/532 kB | 24/56 kB | 0/1.2 MBProgress (4): 27/65 kB | 30/532 kB | 25/56 kB | 0/1.2 MBProgress (4): 27/65 kB | 32/532 kB | 25/56 kB | 0/1.2 MBProgress (4): 30/65 kB | 32/532 kB | 25/56 kB | 0/1.2 MBProgress (4): 33/65 kB | 32/532 kB | 25/56 kB | 0/1.2 MBProgress (4): 33/65 kB | 32/532 kB | 28/56 kB | 0/1.2 MBProgress (4): 33/65 kB | 32/532 kB | 28/56 kB | 0/1.2 MBProgress (4): 33/65 kB | 32/532 kB | 29/56 kB | 0/1.2 MBProgress (4): 37/65 kB | 32/532 kB | 29/56 kB | 0/1.2 MBProgress (4): 37/65 kB | 32/532 kB | 32/56 kB | 0/1.2 MBProgress (4): 37/65 kB | 32/532 kB | 32/56 kB | 0/1.2 MBProgress (4): 37/65 kB | 32/532 kB | 33/56 kB | 0/1.2 MBProgress (4): 41/65 kB | 32/532 kB | 33/56 kB | 0/1.2 MBProgress (4): 41/65 kB | 32/532 kB | 36/56 kB | 0/1.2 MBProgress (4): 41/65 kB | 32/532 kB | 36/56 kB | 0/1.2 MBProgress (4): 41/65 kB | 32/532 kB | 36/56 kB | 0/1.2 MBProgress (4): 41/65 kB | 32/532 kB | 36/56 kB | 0/1.2 MBProgress (4): 41/65 kB | 32/532 kB | 36/56 kB | 0/1.2 MBProgress (4): 41/65 kB | 36/532 kB | 36/56 kB | 0/1.2 MBProgress (4): 41/65 kB | 40/532 kB | 36/56 kB | 0/1.2 MBProgress (4): 41/65 kB | 45/532 kB | 36/56 kB | 0/1.2 MBProgress (4): 41/65 kB | 49/532 kB | 36/56 kB | 0/1.2 MBProgress (4): 41/65 kB | 49/532 kB | 37/56 kB | 0/1.2 MBProgress (4): 41/65 kB | 49/532 kB | 40/56 kB | 0/1.2 MBProgress (4): 45/65 kB | 49/532 kB | 40/56 kB | 0/1.2 MBProgress (4): 45/65 kB | 49/532 kB | 42/56 kB | 0/1.2 MBProgress (4): 45/65 kB | 53/532 kB | 42/56 kB | 0/1.2 MBProgress (4): 45/65 kB | 53/532 kB | 42/56 kB | 0/1.2 MBProgress (5): 45/65 kB | 53/532 kB | 42/56 kB | 0/1.2 MB | 2.8/283 kBProgress (5): 45/65 kB | 53/532 kB | 42/56 kB | 0/1.2 MB | 2.8/283 kBProgress (5): 45/65 kB | 57/532 kB | 42/56 kB | 0/1.2 MB | 2.8/283 kBProgress (5): 45/65 kB | 57/532 kB | 44/56 kB | 0/1.2 MB | 2.8/283 kBProgress (5): 49/65 kB | 57/532 kB | 44/56 kB | 0/1.2 MB | 2.8/283 kBProgress (5): 49/65 kB | 57/532 kB | 46/56 kB | 0/1.2 MB | 2.8/283 kBProgress (5): 53/65 kB | 57/532 kB | 46/56 kB | 0/1.2 MB | 2.8/283 kBProgress (5): 53/65 kB | 57/532 kB | 46/56 kB | 0/1.2 MB | 2.8/283 kBProgress (5): 53/65 kB | 61/532 kB | 46/56 kB | 0/1.2 MB | 2.8/283 kBProgress (5): 53/65 kB | 61/532 kB | 46/56 kB | 0/1.2 MB | 5.5/283 kBProgress (5): 53/65 kB | 65/532 kB | 46/56 kB | 0/1.2 MB | 5.5/283 kBProgress (5): 53/65 kB | 65/532 kB | 46/56 kB | 0/1.2 MB | 5.5/283 kBProgress (5): 57/65 kB | 65/532 kB | 46/56 kB | 0/1.2 MB | 5.5/283 kBProgress (5): 57/65 kB | 65/532 kB | 48/56 kB | 0/1.2 MB | 5.5/283 kBProgress (5): 61/65 kB | 65/532 kB | 48/56 kB | 0/1.2 MB | 5.5/283 kBProgress (5): 61/65 kB | 65/532 kB | 48/56 kB | 0/1.2 MB | 5.5/283 kBProgress (5): 61/65 kB | 69/532 kB | 48/56 kB | 0/1.2 MB | 5.5/283 kBProgress (5): 61/65 kB | 69/532 kB | 48/56 kB | 0/1.2 MB | 8.3/283 kBProgress (5): 61/65 kB | 73/532 kB | 48/56 kB | 0/1.2 MB | 8.3/283 kBProgress (5): 61/65 kB | 73/532 kB | 48/56 kB | 0/1.2 MB | 8.3/283 kBProgress (5): 65 kB | 73/532 kB | 48/56 kB | 0/1.2 MB | 8.3/283 kB   Progress (5): 65 kB | 73/532 kB | 50/56 kB | 0/1.2 MB | 8.3/283 kBProgress (5): 65 kB | 73/532 kB | 50/56 kB | 0.1/1.2 MB | 8.3/283 kBProgress (5): 65 kB | 77/532 kB | 50/56 kB | 0.1/1.2 MB | 8.3/283 kBProgress (5): 65 kB | 77/532 kB | 50/56 kB | 0.1/1.2 MB | 11/283 kB Progress (5): 65 kB | 81/532 kB | 50/56 kB | 0.1/1.2 MB | 11/283 kBProgress (5): 65 kB | 81/532 kB | 50/56 kB | 0.1/1.2 MB | 11/283 kBProgress (5): 65 kB | 81/532 kB | 52/56 kB | 0.1/1.2 MB | 11/283 kBProgress (5): 65 kB | 81/532 kB | 52/56 kB | 0.1/1.2 MB | 11/283 kBProgress (5): 65 kB | 85/532 kB | 52/56 kB | 0.1/1.2 MB | 11/283 kBProgress (5): 65 kB | 85/532 kB | 52/56 kB | 0.1/1.2 MB | 14/283 kBProgress (5): 65 kB | 90/532 kB | 52/56 kB | 0.1/1.2 MB | 14/283 kBProgress (5): 65 kB | 90/532 kB | 52/56 kB | 0.1/1.2 MB | 14/283 kBProgress (5): 65 kB | 90/532 kB | 55/56 kB | 0.1/1.2 MB | 14/283 kBProgress (5): 65 kB | 90/532 kB | 55/56 kB | 0.1/1.2 MB | 14/283 kBProgress (5): 65 kB | 94/532 kB | 55/56 kB | 0.1/1.2 MB | 14/283 kBProgress (5): 65 kB | 94/532 kB | 55/56 kB | 0.1/1.2 MB | 16/283 kBProgress (5): 65 kB | 98/532 kB | 55/56 kB | 0.1/1.2 MB | 16/283 kBProgress (5): 65 kB | 98/532 kB | 55/56 kB | 0.1/1.2 MB | 16/283 kBProgress (5): 65 kB | 98/532 kB | 56 kB | 0.1/1.2 MB | 16/283 kB   Progress (5): 65 kB | 98/532 kB | 56 kB | 0.1/1.2 MB | 16/283 kBProgress (5): 65 kB | 102/532 kB | 56 kB | 0.1/1.2 MB | 16/283 kBProgress (5): 65 kB | 102/532 kB | 56 kB | 0.1/1.2 MB | 19/283 kBProgress (5): 65 kB | 106/532 kB | 56 kB | 0.1/1.2 MB | 19/283 kBProgress (5): 65 kB | 106/532 kB | 56 kB | 0.1/1.2 MB | 19/283 kBProgress (5): 65 kB | 110/532 kB | 56 kB | 0.1/1.2 MB | 19/283 kBProgress (5): 65 kB | 110/532 kB | 56 kB | 0.1/1.2 MB | 22/283 kBProgress (5): 65 kB | 114/532 kB | 56 kB | 0.1/1.2 MB | 22/283 kBProgress (5): 65 kB | 114/532 kB | 56 kB | 0.1/1.2 MB | 25/283 kBProgress (5): 65 kB | 118/532 kB | 56 kB | 0.1/1.2 MB | 25/283 kBProgress (5): 65 kB | 118/532 kB | 56 kB | 0.1/1.2 MB | 27/283 kBProgress (5): 65 kB | 118/532 kB | 56 kB | 0.1/1.2 MB | 27/283 kBProgress (5): 65 kB | 122/532 kB | 56 kB | 0.1/1.2 MB | 27/283 kBProgress (5): 65 kB | 122/532 kB | 56 kB | 0.1/1.2 MB | 27/283 kBProgress (5): 65 kB | 122/532 kB | 56 kB | 0.1/1.2 MB | 27/283 kBProgress (5): 65 kB | 122/532 kB | 56 kB | 0.1/1.2 MB | 27/283 kBProgress (5): 65 kB | 122/532 kB | 56 kB | 0.1/1.2 MB | 30/283 kBProgress (5): 65 kB | 122/532 kB | 56 kB | 0.1/1.2 MB | 30/283 kBProgress (5): 65 kB | 126/532 kB | 56 kB | 0.1/1.2 MB | 30/283 kBProgress (5): 65 kB | 126/532 kB | 56 kB | 0.1/1.2 MB | 30/283 kBProgress (5): 65 kB | 126/532 kB | 56 kB | 0.1/1.2 MB | 33/283 kBProgress (5): 65 kB | 126/532 kB | 56 kB | 0.1/1.2 MB | 33/283 kBProgress (5): 65 kB | 131/532 kB | 56 kB | 0.1/1.2 MB | 33/283 kBProgress (5): 65 kB | 131/532 kB | 56 kB | 0.1/1.2 MB | 33/283 kBProgress (5): 65 kB | 131/532 kB | 56 kB | 0.1/1.2 MB | 37/283 kBProgress (5): 65 kB | 131/532 kB | 56 kB | 0.1/1.2 MB | 37/283 kBProgress (5): 65 kB | 135/532 kB | 56 kB | 0.1/1.2 MB | 37/283 kBProgress (5): 65 kB | 135/532 kB | 56 kB | 0.1/1.2 MB | 37/283 kBProgress (5): 65 kB | 135/532 kB | 56 kB | 0.1/1.2 MB | 41/283 kBProgress (5): 65 kB | 135/532 kB | 56 kB | 0.1/1.2 MB | 41/283 kBProgress (5): 65 kB | 139/532 kB | 56 kB | 0.1/1.2 MB | 41/283 kBProgress (5): 65 kB | 139/532 kB | 56 kB | 0.1/1.2 MB | 41/283 kBProgress (5): 65 kB | 139/532 kB | 56 kB | 0.1/1.2 MB | 45/283 kBProgress (5): 65 kB | 139/532 kB | 56 kB | 0.1/1.2 MB | 45/283 kBProgress (5): 65 kB | 143/532 kB | 56 kB | 0.1/1.2 MB | 45/283 kBProgress (5): 65 kB | 147/532 kB | 56 kB | 0.1/1.2 MB | 45/283 kBProgress (5): 65 kB | 147/532 kB | 56 kB | 0.1/1.2 MB | 45/283 kBProgress (5): 65 kB | 147/532 kB | 56 kB | 0.1/1.2 MB | 45/283 kBProgress (5): 65 kB | 147/532 kB | 56 kB | 0.1/1.2 MB | 49/283 kBProgress (5): 65 kB | 147/532 kB | 56 kB | 0.1/1.2 MB | 49/283 kBProgress (5): 65 kB | 147/532 kB | 56 kB | 0.1/1.2 MB | 53/283 kBProgress (5): 65 kB | 151/532 kB | 56 kB | 0.1/1.2 MB | 53/283 kBProgress (5): 65 kB | 151/532 kB | 56 kB | 0.1/1.2 MB | 57/283 kBProgress (5): 65 kB | 155/532 kB | 56 kB | 0.1/1.2 MB | 57/283 kBProgress (5): 65 kB | 155/532 kB | 56 kB | 0.1/1.2 MB | 61/283 kBProgress (5): 65 kB | 159/532 kB | 56 kB | 0.1/1.2 MB | 61/283 kBProgress (5): 65 kB | 159/532 kB | 56 kB | 0.1/1.2 MB | 65/283 kBProgress (5): 65 kB | 163/532 kB | 56 kB | 0.1/1.2 MB | 65/283 kBProgress (5): 65 kB | 163/532 kB | 56 kB | 0.1/1.2 MB | 69/283 kBProgress (5): 65 kB | 167/532 kB | 56 kB | 0.1/1.2 MB | 69/283 kBProgress (5): 65 kB | 167/532 kB | 56 kB | 0.1/1.2 MB | 73/283 kBProgress (5): 65 kB | 171/532 kB | 56 kB | 0.1/1.2 MB | 73/283 kBProgress (5): 65 kB | 171/532 kB | 56 kB | 0.1/1.2 MB | 77/283 kBProgress (5): 65 kB | 176/532 kB | 56 kB | 0.1/1.2 MB | 77/283 kBProgress (5): 65 kB | 176/532 kB | 56 kB | 0.1/1.2 MB | 81/283 kBProgress (5): 65 kB | 180/532 kB | 56 kB | 0.1/1.2 MB | 81/283 kBProgress (5): 65 kB | 180/532 kB | 56 kB | 0.1/1.2 MB | 85/283 kBProgress (5): 65 kB | 184/532 kB | 56 kB | 0.1/1.2 MB | 85/283 kBProgress (5): 65 kB | 184/532 kB | 56 kB | 0.1/1.2 MB | 89/283 kBProgress (5): 65 kB | 188/532 kB | 56 kB | 0.1/1.2 MB | 89/283 kBProgress (5): 65 kB | 188/532 kB | 56 kB | 0.1/1.2 MB | 93/283 kBProgress (5): 65 kB | 192/532 kB | 56 kB | 0.1/1.2 MB | 93/283 kBProgress (5): 65 kB | 192/532 kB | 56 kB | 0.1/1.2 MB | 98/283 kB                                                                 Downloaded from central: https://repo.maven.apache.org/maven2/com/fasterxml/classmate/1.3.4/classmate-1.3.4.jar (65 kB at 443 kB/s)
Progress (4): 196/532 kB | 56 kB | 0.1/1.2 MB | 98/283 kB                                                         Downloading from central: https://repo.maven.apache.org/maven2/com/amazonaws/elasticache-java-cluster-client/1.1.1/elasticache-java-cluster-client-1.1.1.jar
Progress (4): 196/532 kB | 56 kB | 0.1/1.2 MB | 102/283 kBProgress (4): 196/532 kB | 56 kB | 0.1/1.2 MB | 106/283 kBProgress (4): 196/532 kB | 56 kB | 0.1/1.2 MB | 110/283 kBProgress (4): 196/532 kB | 56 kB | 0.1/1.2 MB | 114/283 kBProgress (4): 200/532 kB | 56 kB | 0.1/1.2 MB | 114/283 kBProgress (4): 200/532 kB | 56 kB | 0.1/1.2 MB | 118/283 kBProgress (4): 204/532 kB | 56 kB | 0.1/1.2 MB | 118/283 kBProgress (4): 204/532 kB | 56 kB | 0.1/1.2 MB | 122/283 kBProgress (4): 208/532 kB | 56 kB | 0.1/1.2 MB | 122/283 kBProgress (4): 208/532 kB | 56 kB | 0.1/1.2 MB | 126/283 kBProgress (4): 212/532 kB | 56 kB | 0.1/1.2 MB | 126/283 kBProgress (4): 212/532 kB | 56 kB | 0.1/1.2 MB | 130/283 kBProgress (4): 212/532 kB | 56 kB | 0.1/1.2 MB | 134/283 kBProgress (4): 212/532 kB | 56 kB | 0.1/1.2 MB | 139/283 kBProgress (4): 212/532 kB | 56 kB | 0.1/1.2 MB | 143/283 kBProgress (4): 212/532 kB | 56 kB | 0.1/1.2 MB | 147/283 kBProgress (4): 212/532 kB | 56 kB | 0.2/1.2 MB | 147/283 kBProgress (4): 212/532 kB | 56 kB | 0.2/1.2 MB | 147/283 kBProgress (4): 212/532 kB | 56 kB | 0.2/1.2 MB | 147/283 kBProgress (4): 212/532 kB | 56 kB | 0.2/1.2 MB | 147/283 kBProgress (4): 212/532 kB | 56 kB | 0.2/1.2 MB | 151/283 kBProgress (4): 212/532 kB | 56 kB | 0.2/1.2 MB | 155/283 kBProgress (4): 212/532 kB | 56 kB | 0.2/1.2 MB | 159/283 kBProgress (4): 212/532 kB | 56 kB | 0.2/1.2 MB | 163/283 kBProgress (4): 212/532 kB | 56 kB | 0.2/1.2 MB | 163/283 kBProgress (4): 212/532 kB | 56 kB | 0.2/1.2 MB | 163/283 kBProgress (4): 212/532 kB | 56 kB | 0.2/1.2 MB | 163/283 kBProgress (4): 212/532 kB | 56 kB | 0.2/1.2 MB | 163/283 kBProgress (4): 217/532 kB | 56 kB | 0.2/1.2 MB | 163/283 kBProgress (4): 221/532 kB | 56 kB | 0.2/1.2 MB | 163/283 kBProgress (4): 225/532 kB | 56 kB | 0.2/1.2 MB | 163/283 kBProgress (4): 229/532 kB | 56 kB | 0.2/1.2 MB | 163/283 kBProgress (4): 233/532 kB | 56 kB | 0.2/1.2 MB | 163/283 kBProgress (4): 237/532 kB | 56 kB | 0.2/1.2 MB | 163/283 kBProgress (4): 241/532 kB | 56 kB | 0.2/1.2 MB | 163/283 kBProgress (4): 245/532 kB | 56 kB | 0.2/1.2 MB | 163/283 kBProgress (4): 245/532 kB | 56 kB | 0.2/1.2 MB | 167/283 kBProgress (4): 245/532 kB | 56 kB | 0.2/1.2 MB | 171/283 kBProgress (4): 245/532 kB | 56 kB | 0.2/1.2 MB | 175/283 kB                                                          Downloaded from central: https://repo.maven.apache.org/maven2/com/fasterxml/jackson/core/jackson-annotations/2.8.0/jackson-annotations-2.8.0.jar (56 kB at 303 kB/s)
Progress (3): 245/532 kB | 0.2/1.2 MB | 175/283 kBProgress (3): 245/532 kB | 0.2/1.2 MB | 179/283 kBProgress (3): 249/532 kB | 0.2/1.2 MB | 179/283 kBProgress (3): 249/532 kB | 0.2/1.2 MB | 179/283 kB                                                  Downloading from central: https://repo.maven.apache.org/maven2/com/sun/xml/bind/jaxb-core/2.3.0/jaxb-core-2.3.0.jar
Progress (3): 249/532 kB | 0.2/1.2 MB | 179/283 kBProgress (3): 249/532 kB | 0.2/1.2 MB | 184/283 kBProgress (3): 253/532 kB | 0.2/1.2 MB | 184/283 kBProgress (3): 253/532 kB | 0.2/1.2 MB | 188/283 kBProgress (3): 253/532 kB | 0.2/1.2 MB | 188/283 kBProgress (3): 253/532 kB | 0.2/1.2 MB | 192/283 kBProgress (3): 258/532 kB | 0.2/1.2 MB | 192/283 kBProgress (3): 258/532 kB | 0.2/1.2 MB | 196/283 kBProgress (3): 262/532 kB | 0.2/1.2 MB | 196/283 kBProgress (3): 262/532 kB | 0.2/1.2 MB | 196/283 kBProgress (3): 262/532 kB | 0.2/1.2 MB | 200/283 kBProgress (3): 266/532 kB | 0.2/1.2 MB | 200/283 kBProgress (3): 266/532 kB | 0.2/1.2 MB | 200/283 kBProgress (3): 270/532 kB | 0.2/1.2 MB | 200/283 kBProgress (3): 270/532 kB | 0.2/1.2 MB | 204/283 kBProgress (3): 274/532 kB | 0.2/1.2 MB | 204/283 kBProgress (3): 274/532 kB | 0.2/1.2 MB | 204/283 kBProgress (3): 278/532 kB | 0.2/1.2 MB | 204/283 kBProgress (3): 278/532 kB | 0.2/1.2 MB | 208/283 kBProgress (3): 278/532 kB | 0.2/1.2 MB | 208/283 kBProgress (3): 278/532 kB | 0.2/1.2 MB | 212/283 kBProgress (3): 282/532 kB | 0.2/1.2 MB | 212/283 kBProgress (3): 282/532 kB | 0.2/1.2 MB | 212/283 kBProgress (3): 282/532 kB | 0.2/1.2 MB | 216/283 kBProgress (3): 286/532 kB | 0.2/1.2 MB | 216/283 kBProgress (3): 286/532 kB | 0.2/1.2 MB | 220/283 kBProgress (3): 286/532 kB | 0.2/1.2 MB | 220/283 kBProgress (3): 286/532 kB | 0.2/1.2 MB | 225/283 kBProgress (3): 286/532 kB | 0.2/1.2 MB | 229/283 kBProgress (3): 290/532 kB | 0.2/1.2 MB | 229/283 kBProgress (4): 290/532 kB | 0.2/1.2 MB | 229/283 kB | 4.1/515 kBProgress (4): 294/532 kB | 0.2/1.2 MB | 229/283 kB | 4.1/515 kBProgress (4): 294/532 kB | 0.2/1.2 MB | 229/283 kB | 7.7/515 kBProgress (4): 298/532 kB | 0.2/1.2 MB | 229/283 kB | 7.7/515 kBProgress (4): 298/532 kB | 0.2/1.2 MB | 229/283 kB | 12/515 kB Progress (4): 303/532 kB | 0.2/1.2 MB | 229/283 kB | 12/515 kBProgress (4): 303/532 kB | 0.2/1.2 MB | 229/283 kB | 16/515 kBProgress (4): 307/532 kB | 0.2/1.2 MB | 229/283 kB | 16/515 kBProgress (4): 307/532 kB | 0.2/1.2 MB | 229/283 kB | 20/515 kBProgress (4): 311/532 kB | 0.2/1.2 MB | 229/283 kB | 20/515 kBProgress (4): 311/532 kB | 0.2/1.2 MB | 229/283 kB | 24/515 kBProgress (4): 315/532 kB | 0.2/1.2 MB | 229/283 kB | 24/515 kBProgress (4): 315/532 kB | 0.2/1.2 MB | 229/283 kB | 28/515 kBProgress (4): 315/532 kB | 0.2/1.2 MB | 229/283 kB | 32/515 kBProgress (4): 315/532 kB | 0.2/1.2 MB | 233/283 kB | 32/515 kBProgress (4): 315/532 kB | 0.2/1.2 MB | 237/283 kB | 32/515 kBProgress (4): 319/532 kB | 0.2/1.2 MB | 237/283 kB | 32/515 kBProgress (4): 319/532 kB | 0.2/1.2 MB | 241/283 kB | 32/515 kBProgress (4): 319/532 kB | 0.2/1.2 MB | 241/283 kB | 36/515 kBProgress (4): 319/532 kB | 0.2/1.2 MB | 241/283 kB | 36/515 kBProgress (4): 319/532 kB | 0.2/1.2 MB | 241/283 kB | 36/515 kBProgress (4): 319/532 kB | 0.2/1.2 MB | 241/283 kB | 40/515 kBProgress (4): 319/532 kB | 0.2/1.2 MB | 245/283 kB | 40/515 kBProgress (4): 323/532 kB | 0.2/1.2 MB | 245/283 kB | 40/515 kBProgress (4): 323/532 kB | 0.2/1.2 MB | 245/283 kB | 45/515 kBProgress (4): 323/532 kB | 0.2/1.2 MB | 245/283 kB | 45/515 kBProgress (4): 323/532 kB | 0.2/1.2 MB | 245/283 kB | 45/515 kBProgress (4): 323/532 kB | 0.2/1.2 MB | 245/283 kB | 49/515 kBProgress (4): 323/532 kB | 0.2/1.2 MB | 245/283 kB | 49/515 kBProgress (4): 327/532 kB | 0.2/1.2 MB | 245/283 kB | 49/515 kBProgress (4): 327/532 kB | 0.2/1.2 MB | 245/283 kB | 49/515 kBProgress (4): 331/532 kB | 0.2/1.2 MB | 245/283 kB | 49/515 kBProgress (4): 331/532 kB | 0.2/1.2 MB | 249/283 kB | 49/515 kBProgress (4): 335/532 kB | 0.2/1.2 MB | 249/283 kB | 49/515 kBProgress (4): 335/532 kB | 0.2/1.2 MB | 249/283 kB | 49/515 kBProgress (4): 339/532 kB | 0.2/1.2 MB | 249/283 kB | 49/515 kBProgress (4): 339/532 kB | 0.2/1.2 MB | 253/283 kB | 49/515 kBProgress (4): 344/532 kB | 0.2/1.2 MB | 253/283 kB | 49/515 kBProgress (4): 344/532 kB | 0.3/1.2 MB | 253/283 kB | 49/515 kBProgress (4): 348/532 kB | 0.3/1.2 MB | 253/283 kB | 49/515 kBProgress (4): 348/532 kB | 0.3/1.2 MB | 257/283 kB | 49/515 kBProgress (4): 352/532 kB | 0.3/1.2 MB | 257/283 kB | 49/515 kBProgress (4): 352/532 kB | 0.3/1.2 MB | 261/283 kB | 49/515 kBProgress (4): 356/532 kB | 0.3/1.2 MB | 261/283 kB | 49/515 kBProgress (4): 360/532 kB | 0.3/1.2 MB | 261/283 kB | 49/515 kBProgress (4): 360/532 kB | 0.3/1.2 MB | 261/283 kB | 49/515 kBProgress (4): 364/532 kB | 0.3/1.2 MB | 261/283 kB | 49/515 kBProgress (4): 364/532 kB | 0.3/1.2 MB | 261/283 kB | 49/515 kBProgress (4): 368/532 kB | 0.3/1.2 MB | 261/283 kB | 49/515 kBProgress (4): 368/532 kB | 0.3/1.2 MB | 261/283 kB | 49/515 kBProgress (4): 368/532 kB | 0.3/1.2 MB | 261/283 kB | 49/515 kBProgress (4): 372/532 kB | 0.3/1.2 MB | 261/283 kB | 49/515 kBProgress (5): 372/532 kB | 0.3/1.2 MB | 261/283 kB | 49/515 kB | 2.2/256 kBProgress (5): 372/532 kB | 0.3/1.2 MB | 265/283 kB | 49/515 kB | 2.2/256 kBProgress (5): 376/532 kB | 0.3/1.2 MB | 265/283 kB | 49/515 kB | 2.2/256 kBProgress (5): 376/532 kB | 0.3/1.2 MB | 265/283 kB | 49/515 kB | 5.0/256 kBProgress (5): 376/532 kB | 0.3/1.2 MB | 270/283 kB | 49/515 kB | 5.0/256 kBProgress (5): 376/532 kB | 0.3/1.2 MB | 270/283 kB | 49/515 kB | 7.7/256 kBProgress (5): 380/532 kB | 0.3/1.2 MB | 270/283 kB | 49/515 kB | 7.7/256 kBProgress (5): 380/532 kB | 0.3/1.2 MB | 270/283 kB | 49/515 kB | 10/256 kB Progress (5): 380/532 kB | 0.3/1.2 MB | 274/283 kB | 49/515 kB | 10/256 kBProgress (5): 380/532 kB | 0.3/1.2 MB | 274/283 kB | 49/515 kB | 13/256 kBProgress (5): 384/532 kB | 0.3/1.2 MB | 274/283 kB | 49/515 kB | 13/256 kBProgress (5): 384/532 kB | 0.3/1.2 MB | 274/283 kB | 49/515 kB | 16/256 kBProgress (5): 384/532 kB | 0.3/1.2 MB | 278/283 kB | 49/515 kB | 16/256 kBProgress (5): 384/532 kB | 0.3/1.2 MB | 278/283 kB | 49/515 kB | 19/256 kBProgress (5): 389/532 kB | 0.3/1.2 MB | 278/283 kB | 49/515 kB | 19/256 kBProgress (5): 389/532 kB | 0.3/1.2 MB | 278/283 kB | 49/515 kB | 21/256 kBProgress (5): 389/532 kB | 0.3/1.2 MB | 278/283 kB | 53/515 kB | 21/256 kBProgress (5): 389/532 kB | 0.3/1.2 MB | 282/283 kB | 53/515 kB | 21/256 kBProgress (5): 389/532 kB | 0.3/1.2 MB | 283 kB | 53/515 kB | 21/256 kB    Progress (5): 389/532 kB | 0.3/1.2 MB | 283 kB | 53/515 kB | 24/256 kBProgress (5): 393/532 kB | 0.3/1.2 MB | 283 kB | 53/515 kB | 24/256 kBProgress (5): 393/532 kB | 0.3/1.2 MB | 283 kB | 53/515 kB | 27/256 kBProgress (5): 393/532 kB | 0.3/1.2 MB | 283 kB | 57/515 kB | 27/256 kBProgress (5): 393/532 kB | 0.3/1.2 MB | 283 kB | 57/515 kB | 27/256 kBProgress (5): 393/532 kB | 0.3/1.2 MB | 283 kB | 57/515 kB | 30/256 kBProgress (5): 397/532 kB | 0.3/1.2 MB | 283 kB | 57/515 kB | 30/256 kBProgress (5): 397/532 kB | 0.3/1.2 MB | 283 kB | 57/515 kB | 32/256 kBProgress (5): 397/532 kB | 0.3/1.2 MB | 283 kB | 57/515 kB | 32/256 kBProgress (5): 397/532 kB | 0.3/1.2 MB | 283 kB | 61/515 kB | 32/256 kBProgress (5): 397/532 kB | 0.3/1.2 MB | 283 kB | 61/515 kB | 32/256 kBProgress (5): 397/532 kB | 0.3/1.2 MB | 283 kB | 61/515 kB | 36/256 kBProgress (5): 401/532 kB | 0.3/1.2 MB | 283 kB | 61/515 kB | 36/256 kBProgress (5): 401/532 kB | 0.3/1.2 MB | 283 kB | 61/515 kB | 40/256 kBProgress (5): 401/532 kB | 0.3/1.2 MB | 283 kB | 61/515 kB | 40/256 kBProgress (5): 401/532 kB | 0.3/1.2 MB | 283 kB | 65/515 kB | 40/256 kBProgress (5): 401/532 kB | 0.3/1.2 MB | 283 kB | 65/515 kB | 45/256 kBProgress (5): 401/532 kB | 0.3/1.2 MB | 283 kB | 65/515 kB | 49/256 kBProgress (5): 405/532 kB | 0.3/1.2 MB | 283 kB | 65/515 kB | 49/256 kBProgress (5): 405/532 kB | 0.3/1.2 MB | 283 kB | 69/515 kB | 49/256 kBProgress (5): 409/532 kB | 0.3/1.2 MB | 283 kB | 69/515 kB | 49/256 kBProgress (5): 409/532 kB | 0.3/1.2 MB | 283 kB | 69/515 kB | 49/256 kBProgress (5): 409/532 kB | 0.3/1.2 MB | 283 kB | 73/515 kB | 49/256 kBProgress (5): 409/532 kB | 0.3/1.2 MB | 283 kB | 73/515 kB | 49/256 kBProgress (5): 413/532 kB | 0.3/1.2 MB | 283 kB | 73/515 kB | 49/256 kBProgress (5): 413/532 kB | 0.3/1.2 MB | 283 kB | 73/515 kB | 49/256 kBProgress (5): 413/532 kB | 0.3/1.2 MB | 283 kB | 77/515 kB | 49/256 kBProgress (5): 413/532 kB | 0.3/1.2 MB | 283 kB | 77/515 kB | 49/256 kBProgress (5): 417/532 kB | 0.3/1.2 MB | 283 kB | 77/515 kB | 49/256 kBProgress (5): 417/532 kB | 0.3/1.2 MB | 283 kB | 81/515 kB | 49/256 kBProgress (5): 421/532 kB | 0.3/1.2 MB | 283 kB | 81/515 kB | 49/256 kBProgress (5): 421/532 kB | 0.3/1.2 MB | 283 kB | 85/515 kB | 49/256 kBProgress (5): 425/532 kB | 0.3/1.2 MB | 283 kB | 85/515 kB | 49/256 kBProgress (5): 425/532 kB | 0.3/1.2 MB | 283 kB | 90/515 kB | 49/256 kBProgress (5): 430/532 kB | 0.3/1.2 MB | 283 kB | 90/515 kB | 49/256 kBProgress (5): 430/532 kB | 0.3/1.2 MB | 283 kB | 94/515 kB | 49/256 kBProgress (5): 430/532 kB | 0.3/1.2 MB | 283 kB | 94/515 kB | 49/256 kBProgress (5): 434/532 kB | 0.3/1.2 MB | 283 kB | 94/515 kB | 49/256 kBProgress (5): 434/532 kB | 0.3/1.2 MB | 283 kB | 94/515 kB | 49/256 kBProgress (5): 434/532 kB | 0.3/1.2 MB | 283 kB | 98/515 kB | 49/256 kBProgress (5): 434/532 kB | 0.3/1.2 MB | 283 kB | 98/515 kB | 49/256 kBProgress (5): 438/532 kB | 0.3/1.2 MB | 283 kB | 98/515 kB | 49/256 kBProgress (5): 438/532 kB | 0.3/1.2 MB | 283 kB | 102/515 kB | 49/256 kBProgress (5): 438/532 kB | 0.3/1.2 MB | 283 kB | 102/515 kB | 49/256 kBProgress (5): 438/532 kB | 0.3/1.2 MB | 283 kB | 106/515 kB | 49/256 kBProgress (5): 442/532 kB | 0.3/1.2 MB | 283 kB | 106/515 kB | 49/256 kBProgress (5): 442/532 kB | 0.3/1.2 MB | 283 kB | 110/515 kB | 49/256 kBProgress (5): 442/532 kB | 0.3/1.2 MB | 283 kB | 110/515 kB | 53/256 kBProgress (5): 442/532 kB | 0.3/1.2 MB | 283 kB | 110/515 kB | 53/256 kBProgress (5): 442/532 kB | 0.3/1.2 MB | 283 kB | 110/515 kB | 57/256 kBProgress (5): 442/532 kB | 0.3/1.2 MB | 283 kB | 114/515 kB | 57/256 kBProgress (5): 446/532 kB | 0.3/1.2 MB | 283 kB | 114/515 kB | 57/256 kBProgress (5): 446/532 kB | 0.3/1.2 MB | 283 kB | 114/515 kB | 61/256 kBProgress (5): 446/532 kB | 0.3/1.2 MB | 283 kB | 114/515 kB | 61/256 kBProgress (5): 446/532 kB | 0.3/1.2 MB | 283 kB | 114/515 kB | 65/256 kBProgress (5): 450/532 kB | 0.3/1.2 MB | 283 kB | 114/515 kB | 65/256 kBProgress (5): 450/532 kB | 0.3/1.2 MB | 283 kB | 114/515 kB | 65/256 kBProgress (5): 450/532 kB | 0.3/1.2 MB | 283 kB | 114/515 kB | 69/256 kBProgress (5): 454/532 kB | 0.3/1.2 MB | 283 kB | 114/515 kB | 69/256 kBProgress (5): 454/532 kB | 0.3/1.2 MB | 283 kB | 114/515 kB | 73/256 kBProgress (5): 454/532 kB | 0.3/1.2 MB | 283 kB | 114/515 kB | 73/256 kBProgress (5): 454/532 kB | 0.3/1.2 MB | 283 kB | 114/515 kB | 77/256 kBProgress (5): 458/532 kB | 0.3/1.2 MB | 283 kB | 114/515 kB | 77/256 kBProgress (5): 458/532 kB | 0.3/1.2 MB | 283 kB | 114/515 kB | 81/256 kBProgress (5): 458/532 kB | 0.3/1.2 MB | 283 kB | 118/515 kB | 81/256 kBProgress (5): 458/532 kB | 0.3/1.2 MB | 283 kB | 118/515 kB | 85/256 kBProgress (5): 458/532 kB | 0.3/1.2 MB | 283 kB | 118/515 kB | 85/256 kBProgress (5): 458/532 kB | 0.3/1.2 MB | 283 kB | 118/515 kB | 90/256 kBProgress (5): 458/532 kB | 0.3/1.2 MB | 283 kB | 122/515 kB | 90/256 kBProgress (5): 458/532 kB | 0.3/1.2 MB | 283 kB | 126/515 kB | 90/256 kBProgress (5): 458/532 kB | 0.3/1.2 MB | 283 kB | 131/515 kB | 90/256 kBProgress (5): 462/532 kB | 0.3/1.2 MB | 283 kB | 131/515 kB | 90/256 kBProgress (5): 462/532 kB | 0.3/1.2 MB | 283 kB | 135/515 kB | 90/256 kBProgress (5): 462/532 kB | 0.3/1.2 MB | 283 kB | 135/515 kB | 94/256 kBProgress (5): 462/532 kB | 0.3/1.2 MB | 283 kB | 135/515 kB | 94/256 kBProgress (5): 462/532 kB | 0.3/1.2 MB | 283 kB | 135/515 kB | 98/256 kBProgress (5): 462/532 kB | 0.3/1.2 MB | 283 kB | 139/515 kB | 98/256 kBProgress (5): 466/532 kB | 0.3/1.2 MB | 283 kB | 139/515 kB | 98/256 kBProgress (5): 466/532 kB | 0.3/1.2 MB | 283 kB | 143/515 kB | 98/256 kBProgress (5): 466/532 kB | 0.3/1.2 MB | 283 kB | 143/515 kB | 102/256 kBProgress (5): 466/532 kB | 0.3/1.2 MB | 283 kB | 143/515 kB | 102/256 kBProgress (5): 466/532 kB | 0.3/1.2 MB | 283 kB | 143/515 kB | 106/256 kBProgress (5): 466/532 kB | 0.3/1.2 MB | 283 kB | 147/515 kB | 106/256 kBProgress (5): 470/532 kB | 0.3/1.2 MB | 283 kB | 147/515 kB | 106/256 kBProgress (5): 470/532 kB | 0.3/1.2 MB | 283 kB | 151/515 kB | 106/256 kBProgress (5): 470/532 kB | 0.3/1.2 MB | 283 kB | 151/515 kB | 110/256 kBProgress (5): 470/532 kB | 0.3/1.2 MB | 283 kB | 151/515 kB | 110/256 kBProgress (5): 470/532 kB | 0.3/1.2 MB | 283 kB | 151/515 kB | 114/256 kBProgress (5): 470/532 kB | 0.3/1.2 MB | 283 kB | 155/515 kB | 114/256 kBProgress (5): 475/532 kB | 0.3/1.2 MB | 283 kB | 155/515 kB | 114/256 kBProgress (5): 475/532 kB | 0.3/1.2 MB | 283 kB | 155/515 kB | 118/256 kBProgress (5): 475/532 kB | 0.3/1.2 MB | 283 kB | 159/515 kB | 118/256 kB                                                                        Downloaded from central: https://repo.maven.apache.org/maven2/com/fasterxml/jackson/core/jackson-core/2.8.11/jackson-core-2.8.11.jar (283 kB at 1.0 MB/s)
Progress (4): 475/532 kB | 0.4/1.2 MB | 159/515 kB | 118/256 kB                                                               Downloading from central: https://repo.maven.apache.org/maven2/com/sun/xml/bind/jaxb-impl/2.3.0/jaxb-impl-2.3.0.jar
Progress (4): 475/532 kB | 0.4/1.2 MB | 163/515 kB | 118/256 kBProgress (4): 475/532 kB | 0.4/1.2 MB | 163/515 kB | 122/256 kBProgress (4): 479/532 kB | 0.4/1.2 MB | 163/515 kB | 122/256 kBProgress (4): 479/532 kB | 0.4/1.2 MB | 167/515 kB | 122/256 kBProgress (4): 479/532 kB | 0.4/1.2 MB | 167/515 kB | 126/256 kBProgress (4): 479/532 kB | 0.4/1.2 MB | 167/515 kB | 126/256 kBProgress (4): 479/532 kB | 0.4/1.2 MB | 167/515 kB | 131/256 kBProgress (4): 479/532 kB | 0.4/1.2 MB | 171/515 kB | 131/256 kBProgress (4): 483/532 kB | 0.4/1.2 MB | 171/515 kB | 131/256 kBProgress (4): 483/532 kB | 0.4/1.2 MB | 176/515 kB | 131/256 kBProgress (4): 483/532 kB | 0.4/1.2 MB | 176/515 kB | 135/256 kBProgress (4): 483/532 kB | 0.4/1.2 MB | 176/515 kB | 135/256 kBProgress (4): 483/532 kB | 0.4/1.2 MB | 176/515 kB | 139/256 kBProgress (4): 483/532 kB | 0.4/1.2 MB | 180/515 kB | 139/256 kBProgress (4): 487/532 kB | 0.4/1.2 MB | 180/515 kB | 139/256 kBProgress (4): 487/532 kB | 0.4/1.2 MB | 180/515 kB | 143/256 kBProgress (4): 487/532 kB | 0.4/1.2 MB | 180/515 kB | 143/256 kBProgress (4): 487/532 kB | 0.4/1.2 MB | 180/515 kB | 147/256 kBProgress (4): 487/532 kB | 0.4/1.2 MB | 184/515 kB | 147/256 kBProgress (4): 487/532 kB | 0.4/1.2 MB | 184/515 kB | 151/256 kBProgress (4): 491/532 kB | 0.4/1.2 MB | 184/515 kB | 151/256 kBProgress (4): 491/532 kB | 0.4/1.2 MB | 184/515 kB | 155/256 kBProgress (4): 491/532 kB | 0.4/1.2 MB | 188/515 kB | 155/256 kBProgress (4): 491/532 kB | 0.4/1.2 MB | 188/515 kB | 155/256 kBProgress (4): 491/532 kB | 0.4/1.2 MB | 192/515 kB | 155/256 kBProgress (4): 491/532 kB | 0.4/1.2 MB | 192/515 kB | 159/256 kBProgress (4): 495/532 kB | 0.4/1.2 MB | 192/515 kB | 159/256 kBProgress (4): 495/532 kB | 0.4/1.2 MB | 192/515 kB | 163/256 kBProgress (4): 495/532 kB | 0.4/1.2 MB | 196/515 kB | 163/256 kBProgress (4): 495/532 kB | 0.4/1.2 MB | 196/515 kB | 163/256 kBProgress (4): 495/532 kB | 0.4/1.2 MB | 196/515 kB | 167/256 kBProgress (4): 499/532 kB | 0.4/1.2 MB | 196/515 kB | 167/256 kBProgress (4): 499/532 kB | 0.4/1.2 MB | 196/515 kB | 171/256 kBProgress (4): 499/532 kB | 0.4/1.2 MB | 200/515 kB | 171/256 kBProgress (4): 499/532 kB | 0.4/1.2 MB | 200/515 kB | 171/256 kBProgress (4): 499/532 kB | 0.4/1.2 MB | 204/515 kB | 171/256 kBProgress (4): 499/532 kB | 0.4/1.2 MB | 204/515 kB | 176/256 kBProgress (4): 503/532 kB | 0.4/1.2 MB | 204/515 kB | 176/256 kBProgress (4): 503/532 kB | 0.4/1.2 MB | 204/515 kB | 180/256 kBProgress (4): 503/532 kB | 0.4/1.2 MB | 208/515 kB | 180/256 kBProgress (4): 503/532 kB | 0.4/1.2 MB | 208/515 kB | 180/256 kBProgress (4): 503/532 kB | 0.4/1.2 MB | 212/515 kB | 180/256 kBProgress (4): 503/532 kB | 0.4/1.2 MB | 212/515 kB | 184/256 kBProgress (4): 507/532 kB | 0.4/1.2 MB | 212/515 kB | 184/256 kBProgress (4): 507/532 kB | 0.4/1.2 MB | 217/515 kB | 184/256 kBProgress (4): 507/532 kB | 0.4/1.2 MB | 217/515 kB | 188/256 kBProgress (4): 507/532 kB | 0.4/1.2 MB | 217/515 kB | 188/256 kBProgress (4): 507/532 kB | 0.4/1.2 MB | 217/515 kB | 192/256 kBProgress (4): 507/532 kB | 0.4/1.2 MB | 221/515 kB | 192/256 kBProgress (4): 511/532 kB | 0.4/1.2 MB | 221/515 kB | 192/256 kBProgress (4): 511/532 kB | 0.4/1.2 MB | 225/515 kB | 192/256 kBProgress (4): 511/532 kB | 0.4/1.2 MB | 225/515 kB | 196/256 kBProgress (4): 511/532 kB | 0.4/1.2 MB | 225/515 kB | 196/256 kBProgress (4): 511/532 kB | 0.4/1.2 MB | 225/515 kB | 200/256 kBProgress (4): 511/532 kB | 0.4/1.2 MB | 229/515 kB | 200/256 kBProgress (4): 516/532 kB | 0.4/1.2 MB | 229/515 kB | 200/256 kBProgress (4): 516/532 kB | 0.4/1.2 MB | 233/515 kB | 200/256 kBProgress (4): 516/532 kB | 0.4/1.2 MB | 233/515 kB | 204/256 kBProgress (4): 516/532 kB | 0.4/1.2 MB | 233/515 kB | 204/256 kBProgress (4): 516/532 kB | 0.4/1.2 MB | 233/515 kB | 208/256 kBProgress (4): 516/532 kB | 0.4/1.2 MB | 237/515 kB | 208/256 kBProgress (5): 516/532 kB | 0.4/1.2 MB | 237/515 kB | 208/256 kB | 2.4/964 kBProgress (5): 520/532 kB | 0.4/1.2 MB | 237/515 kB | 208/256 kB | 2.4/964 kBProgress (5): 520/532 kB | 0.4/1.2 MB | 241/515 kB | 208/256 kB | 2.4/964 kBProgress (5): 520/532 kB | 0.4/1.2 MB | 241/515 kB | 212/256 kB | 2.4/964 kBProgress (5): 520/532 kB | 0.4/1.2 MB | 241/515 kB | 212/256 kB | 2.4/964 kBProgress (5): 520/532 kB | 0.4/1.2 MB | 241/515 kB | 217/256 kB | 2.4/964 kBProgress (5): 520/532 kB | 0.4/1.2 MB | 245/515 kB | 217/256 kB | 2.4/964 kBProgress (5): 524/532 kB | 0.4/1.2 MB | 245/515 kB | 217/256 kB | 2.4/964 kBProgress (5): 524/532 kB | 0.4/1.2 MB | 245/515 kB | 217/256 kB | 5.2/964 kBProgress (5): 528/532 kB | 0.4/1.2 MB | 245/515 kB | 217/256 kB | 5.2/964 kBProgress (5): 528/532 kB | 0.4/1.2 MB | 249/515 kB | 217/256 kB | 5.2/964 kBProgress (5): 528/532 kB | 0.4/1.2 MB | 249/515 kB | 221/256 kB | 5.2/964 kBProgress (5): 528/532 kB | 0.4/1.2 MB | 249/515 kB | 221/256 kB | 5.2/964 kBProgress (5): 528/532 kB | 0.4/1.2 MB | 249/515 kB | 225/256 kB | 5.2/964 kBProgress (5): 528/532 kB | 0.4/1.2 MB | 253/515 kB | 225/256 kB | 5.2/964 kBProgress (5): 532 kB | 0.4/1.2 MB | 253/515 kB | 225/256 kB | 5.2/964 kB    Progress (5): 532 kB | 0.4/1.2 MB | 253/515 kB | 225/256 kB | 6.5/964 kBProgress (5): 532 kB | 0.4/1.2 MB | 258/515 kB | 225/256 kB | 6.5/964 kBProgress (5): 532 kB | 0.4/1.2 MB | 258/515 kB | 229/256 kB | 6.5/964 kBProgress (5): 532 kB | 0.4/1.2 MB | 258/515 kB | 229/256 kB | 6.5/964 kBProgress (5): 532 kB | 0.4/1.2 MB | 258/515 kB | 229/256 kB | 6.5/964 kBProgress (5): 532 kB | 0.4/1.2 MB | 262/515 kB | 229/256 kB | 6.5/964 kBProgress (5): 532 kB | 0.4/1.2 MB | 262/515 kB | 229/256 kB | 9.3/964 kBProgress (5): 532 kB | 0.4/1.2 MB | 266/515 kB | 229/256 kB | 9.3/964 kBProgress (5): 532 kB | 0.4/1.2 MB | 266/515 kB | 229/256 kB | 9.3/964 kBProgress (5): 532 kB | 0.4/1.2 MB | 266/515 kB | 233/256 kB | 9.3/964 kBProgress (5): 532 kB | 0.4/1.2 MB | 266/515 kB | 233/256 kB | 9.3/964 kBProgress (5): 532 kB | 0.4/1.2 MB | 270/515 kB | 233/256 kB | 9.3/964 kBProgress (5): 532 kB | 0.4/1.2 MB | 270/515 kB | 233/256 kB | 11/964 kB Progress (5): 532 kB | 0.4/1.2 MB | 274/515 kB | 233/256 kB | 11/964 kBProgress (5): 532 kB | 0.4/1.2 MB | 274/515 kB | 233/256 kB | 11/964 kBProgress (5): 532 kB | 0.4/1.2 MB | 274/515 kB | 237/256 kB | 11/964 kBProgress (5): 532 kB | 0.4/1.2 MB | 274/515 kB | 237/256 kB | 11/964 kBProgress (5): 532 kB | 0.4/1.2 MB | 278/515 kB | 237/256 kB | 11/964 kBProgress (5): 532 kB | 0.4/1.2 MB | 278/515 kB | 237/256 kB | 13/964 kBProgress (5): 532 kB | 0.4/1.2 MB | 282/515 kB | 237/256 kB | 13/964 kBProgress (5): 532 kB | 0.4/1.2 MB | 282/515 kB | 237/256 kB | 13/964 kBProgress (5): 532 kB | 0.4/1.2 MB | 282/515 kB | 241/256 kB | 13/964 kBProgress (5): 532 kB | 0.4/1.2 MB | 282/515 kB | 241/256 kB | 13/964 kBProgress (5): 532 kB | 0.4/1.2 MB | 286/515 kB | 241/256 kB | 13/964 kBProgress (5): 532 kB | 0.4/1.2 MB | 286/515 kB | 241/256 kB | 15/964 kBProgress (5): 532 kB | 0.4/1.2 MB | 290/515 kB | 241/256 kB | 15/964 kBProgress (5): 532 kB | 0.4/1.2 MB | 290/515 kB | 241/256 kB | 15/964 kBProgress (5): 532 kB | 0.4/1.2 MB | 290/515 kB | 245/256 kB | 15/964 kBProgress (5): 532 kB | 0.4/1.2 MB | 290/515 kB | 245/256 kB | 15/964 kBProgress (5): 532 kB | 0.4/1.2 MB | 294/515 kB | 245/256 kB | 15/964 kBProgress (5): 532 kB | 0.4/1.2 MB | 294/515 kB | 245/256 kB | 17/964 kBProgress (5): 532 kB | 0.4/1.2 MB | 294/515 kB | 245/256 kB | 17/964 kBProgress (5): 532 kB | 0.4/1.2 MB | 294/515 kB | 249/256 kB | 17/964 kBProgress (5): 532 kB | 0.5/1.2 MB | 294/515 kB | 249/256 kB | 17/964 kBProgress (5): 532 kB | 0.5/1.2 MB | 294/515 kB | 249/256 kB | 19/964 kBProgress (5): 532 kB | 0.5/1.2 MB | 298/515 kB | 249/256 kB | 19/964 kBProgress (5): 532 kB | 0.5/1.2 MB | 298/515 kB | 249/256 kB | 22/964 kBProgress (5): 532 kB | 0.5/1.2 MB | 298/515 kB | 249/256 kB | 22/964 kBProgress (5): 532 kB | 0.5/1.2 MB | 298/515 kB | 253/256 kB | 22/964 kBProgress (5): 532 kB | 0.5/1.2 MB | 298/515 kB | 253/256 kB | 22/964 kBProgress (5): 532 kB | 0.5/1.2 MB | 298/515 kB | 253/256 kB | 23/964 kBProgress (5): 532 kB | 0.5/1.2 MB | 303/515 kB | 253/256 kB | 23/964 kBProgress (5): 532 kB | 0.5/1.2 MB | 303/515 kB | 253/256 kB | 26/964 kBProgress (5): 532 kB | 0.5/1.2 MB | 303/515 kB | 253/256 kB | 26/964 kBProgress (5): 532 kB | 0.5/1.2 MB | 303/515 kB | 256 kB | 26/964 kB    Progress (5): 532 kB | 0.5/1.2 MB | 303/515 kB | 256 kB | 26/964 kBProgress (5): 532 kB | 0.5/1.2 MB | 303/515 kB | 256 kB | 27/964 kBProgress (5): 532 kB | 0.5/1.2 MB | 307/515 kB | 256 kB | 27/964 kBProgress (5): 532 kB | 0.5/1.2 MB | 307/515 kB | 256 kB | 30/964 kBProgress (5): 532 kB | 0.5/1.2 MB | 307/515 kB | 256 kB | 30/964 kBProgress (5): 532 kB | 0.5/1.2 MB | 307/515 kB | 256 kB | 31/964 kBProgress (5): 532 kB | 0.5/1.2 MB | 311/515 kB | 256 kB | 31/964 kBProgress (5): 532 kB | 0.5/1.2 MB | 311/515 kB | 256 kB | 34/964 kBProgress (5): 532 kB | 0.5/1.2 MB | 311/515 kB | 256 kB | 34/964 kBProgress (5): 532 kB | 0.5/1.2 MB | 311/515 kB | 256 kB | 35/964 kBProgress (5): 532 kB | 0.5/1.2 MB | 315/515 kB | 256 kB | 35/964 kBProgress (5): 532 kB | 0.5/1.2 MB | 315/515 kB | 256 kB | 38/964 kBProgress (5): 532 kB | 0.5/1.2 MB | 315/515 kB | 256 kB | 38/964 kBProgress (5): 532 kB | 0.5/1.2 MB | 315/515 kB | 256 kB | 39/964 kBProgress (5): 532 kB | 0.5/1.2 MB | 319/515 kB | 256 kB | 39/964 kBProgress (5): 532 kB | 0.5/1.2 MB | 319/515 kB | 256 kB | 42/964 kBProgress (5): 532 kB | 0.5/1.2 MB | 319/515 kB | 256 kB | 42/964 kBProgress (5): 532 kB | 0.5/1.2 MB | 319/515 kB | 256 kB | 43/964 kBProgress (5): 532 kB | 0.5/1.2 MB | 323/515 kB | 256 kB | 43/964 kBProgress (5): 532 kB | 0.5/1.2 MB | 323/515 kB | 256 kB | 46/964 kBProgress (5): 532 kB | 0.5/1.2 MB | 323/515 kB | 256 kB | 46/964 kBProgress (5): 532 kB | 0.5/1.2 MB | 323/515 kB | 256 kB | 48/964 kBProgress (5): 532 kB | 0.5/1.2 MB | 327/515 kB | 256 kB | 48/964 kBProgress (5): 532 kB | 0.5/1.2 MB | 327/515 kB | 256 kB | 50/964 kBProgress (5): 532 kB | 0.5/1.2 MB | 327/515 kB | 256 kB | 50/964 kBProgress (5): 532 kB | 0.5/1.2 MB | 327/515 kB | 256 kB | 52/964 kBProgress (5): 532 kB | 0.5/1.2 MB | 331/515 kB | 256 kB | 52/964 kBProgress (5): 532 kB | 0.5/1.2 MB | 331/515 kB | 256 kB | 54/964 kBProgress (5): 532 kB | 0.5/1.2 MB | 331/515 kB | 256 kB | 54/964 kBProgress (5): 532 kB | 0.5/1.2 MB | 331/515 kB | 256 kB | 56/964 kBProgress (5): 532 kB | 0.5/1.2 MB | 335/515 kB | 256 kB | 56/964 kBProgress (5): 532 kB | 0.5/1.2 MB | 335/515 kB | 256 kB | 58/964 kBProgress (5): 532 kB | 0.5/1.2 MB | 335/515 kB | 256 kB | 58/964 kBProgress (5): 532 kB | 0.5/1.2 MB | 335/515 kB | 256 kB | 60/964 kBProgress (5): 532 kB | 0.5/1.2 MB | 339/515 kB | 256 kB | 60/964 kBProgress (5): 532 kB | 0.5/1.2 MB | 339/515 kB | 256 kB | 63/964 kBProgress (5): 532 kB | 0.5/1.2 MB | 339/515 kB | 256 kB | 63/964 kBProgress (5): 532 kB | 0.5/1.2 MB | 339/515 kB | 256 kB | 64/964 kBProgress (5): 532 kB | 0.5/1.2 MB | 344/515 kB | 256 kB | 64/964 kBProgress (5): 532 kB | 0.5/1.2 MB | 344/515 kB | 256 kB | 67/964 kBProgress (5): 532 kB | 0.5/1.2 MB | 344/515 kB | 256 kB | 67/964 kBProgress (5): 532 kB | 0.5/1.2 MB | 344/515 kB | 256 kB | 68/964 kBProgress (5): 532 kB | 0.5/1.2 MB | 348/515 kB | 256 kB | 68/964 kBProgress (5): 532 kB | 0.5/1.2 MB | 348/515 kB | 256 kB | 71/964 kBProgress (5): 532 kB | 0.5/1.2 MB | 348/515 kB | 256 kB | 71/964 kBProgress (5): 532 kB | 0.5/1.2 MB | 348/515 kB | 256 kB | 72/964 kBProgress (5): 532 kB | 0.5/1.2 MB | 352/515 kB | 256 kB | 72/964 kBProgress (5): 532 kB | 0.5/1.2 MB | 352/515 kB | 256 kB | 75/964 kBProgress (5): 532 kB | 0.5/1.2 MB | 352/515 kB | 256 kB | 75/964 kBProgress (5): 532 kB | 0.5/1.2 MB | 352/515 kB | 256 kB | 76/964 kBProgress (5): 532 kB | 0.5/1.2 MB | 356/515 kB | 256 kB | 76/964 kBProgress (5): 532 kB | 0.5/1.2 MB | 356/515 kB | 256 kB | 79/964 kBProgress (5): 532 kB | 0.5/1.2 MB | 356/515 kB | 256 kB | 79/964 kBProgress (5): 532 kB | 0.5/1.2 MB | 356/515 kB | 256 kB | 80/964 kBProgress (5): 532 kB | 0.5/1.2 MB | 356/515 kB | 256 kB | 83/964 kBProgress (5): 532 kB | 0.5/1.2 MB | 360/515 kB | 256 kB | 83/964 kBProgress (5): 532 kB | 0.5/1.2 MB | 360/515 kB | 256 kB | 84/964 kBProgress (5): 532 kB | 0.5/1.2 MB | 364/515 kB | 256 kB | 84/964 kBProgress (5): 532 kB | 0.5/1.2 MB | 364/515 kB | 256 kB | 84/964 kBProgress (5): 532 kB | 0.5/1.2 MB | 368/515 kB | 256 kB | 84/964 kBProgress (5): 532 kB | 0.5/1.2 MB | 368/515 kB | 256 kB | 87/964 kBProgress (5): 532 kB | 0.5/1.2 MB | 372/515 kB | 256 kB | 87/964 kBProgress (5): 532 kB | 0.5/1.2 MB | 372/515 kB | 256 kB | 87/964 kBProgress (5): 532 kB | 0.5/1.2 MB | 376/515 kB | 256 kB | 87/964 kBProgress (5): 532 kB | 0.5/1.2 MB | 376/515 kB | 256 kB | 88/964 kBProgress (5): 532 kB | 0.5/1.2 MB | 380/515 kB | 256 kB | 88/964 kBProgress (5): 532 kB | 0.5/1.2 MB | 380/515 kB | 256 kB | 88/964 kBProgress (5): 532 kB | 0.5/1.2 MB | 384/515 kB | 256 kB | 88/964 kBProgress (5): 532 kB | 0.5/1.2 MB | 384/515 kB | 256 kB | 91/964 kBProgress (5): 532 kB | 0.5/1.2 MB | 389/515 kB | 256 kB | 91/964 kBProgress (5): 532 kB | 0.5/1.2 MB | 389/515 kB | 256 kB | 91/964 kBProgress (5): 532 kB | 0.5/1.2 MB | 393/515 kB | 256 kB | 91/964 kBProgress (5): 532 kB | 0.5/1.2 MB | 393/515 kB | 256 kB | 93/964 kB                                                                   Downloaded from central: https://repo.maven.apache.org/maven2/com/thoughtworks/xstream/xstream/1.4.7/xstream-1.4.7.jar (532 kB at 1.4 MB/s)
Progress (4): 0.5/1.2 MB | 393/515 kB | 256 kB | 93/964 kB                                                          Downloading from central: https://repo.maven.apache.org/maven2/com/jayway/jsonpath/json-path/2.2.0/json-path-2.2.0.jar
Progress (4): 0.5/1.2 MB | 393/515 kB | 256 kB | 95/964 kBProgress (4): 0.5/1.2 MB | 397/515 kB | 256 kB | 95/964 kBProgress (4): 0.5/1.2 MB | 397/515 kB | 256 kB | 97/964 kBProgress (4): 0.5/1.2 MB | 397/515 kB | 256 kB | 97/964 kBProgress (4): 0.5/1.2 MB | 397/515 kB | 256 kB | 99/964 kBProgress (4): 0.5/1.2 MB | 401/515 kB | 256 kB | 99/964 kBProgress (4): 0.5/1.2 MB | 401/515 kB | 256 kB | 101/964 kBProgress (4): 0.6/1.2 MB | 401/515 kB | 256 kB | 101/964 kBProgress (4): 0.6/1.2 MB | 401/515 kB | 256 kB | 104/964 kBProgress (4): 0.6/1.2 MB | 405/515 kB | 256 kB | 104/964 kBProgress (4): 0.6/1.2 MB | 405/515 kB | 256 kB | 105/964 kBProgress (4): 0.6/1.2 MB | 405/515 kB | 256 kB | 105/964 kBProgress (4): 0.6/1.2 MB | 405/515 kB | 256 kB | 108/964 kBProgress (4): 0.6/1.2 MB | 409/515 kB | 256 kB | 108/964 kBProgress (4): 0.6/1.2 MB | 409/515 kB | 256 kB | 109/964 kBProgress (4): 0.6/1.2 MB | 413/515 kB | 256 kB | 109/964 kBProgress (4): 0.6/1.2 MB | 413/515 kB | 256 kB | 109/964 kBProgress (4): 0.6/1.2 MB | 413/515 kB | 256 kB | 109/964 kBProgress (4): 0.6/1.2 MB | 413/515 kB | 256 kB | 109/964 kBProgress (4): 0.6/1.2 MB | 417/515 kB | 256 kB | 109/964 kBProgress (4): 0.6/1.2 MB | 417/515 kB | 256 kB | 112/964 kBProgress (4): 0.6/1.2 MB | 421/515 kB | 256 kB | 112/964 kBProgress (4): 0.6/1.2 MB | 421/515 kB | 256 kB | 112/964 kBProgress (4): 0.6/1.2 MB | 425/515 kB | 256 kB | 112/964 kBProgress (4): 0.6/1.2 MB | 425/515 kB | 256 kB | 113/964 kBProgress (4): 0.6/1.2 MB | 430/515 kB | 256 kB | 113/964 kBProgress (4): 0.6/1.2 MB | 430/515 kB | 256 kB | 113/964 kBProgress (4): 0.6/1.2 MB | 434/515 kB | 256 kB | 113/964 kBProgress (4): 0.6/1.2 MB | 434/515 kB | 256 kB | 116/964 kBProgress (4): 0.6/1.2 MB | 438/515 kB | 256 kB | 116/964 kBProgress (4): 0.6/1.2 MB | 438/515 kB | 256 kB | 116/964 kBProgress (4): 0.6/1.2 MB | 442/515 kB | 256 kB | 116/964 kBProgress (4): 0.6/1.2 MB | 442/515 kB | 256 kB | 116/964 kBProgress (4): 0.6/1.2 MB | 442/515 kB | 256 kB | 117/964 kBProgress (4): 0.6/1.2 MB | 442/515 kB | 256 kB | 117/964 kBProgress (4): 0.6/1.2 MB | 442/515 kB | 256 kB | 117/964 kBProgress (4): 0.6/1.2 MB | 442/515 kB | 256 kB | 117/964 kBProgress (4): 0.6/1.2 MB | 442/515 kB | 256 kB | 117/964 kBProgress (4): 0.6/1.2 MB | 442/515 kB | 256 kB | 117/964 kBProgress (4): 0.6/1.2 MB | 442/515 kB | 256 kB | 117/964 kBProgress (4): 0.6/1.2 MB | 442/515 kB | 256 kB | 117/964 kBProgress (4): 0.6/1.2 MB | 446/515 kB | 256 kB | 117/964 kBProgress (4): 0.6/1.2 MB | 446/515 kB | 256 kB | 117/964 kB                                                           Downloaded from central: https://repo.maven.apache.org/maven2/com/sun/xml/bind/jaxb-core/2.3.0/jaxb-core-2.3.0.jar (256 kB at 662 kB/s)
Progress (3): 0.6/1.2 MB | 446/515 kB | 120/964 kB                                                  Downloading from central: https://repo.maven.apache.org/maven2/com/vaadin/external/google/android-json/0.0.20131108.vaadin1/android-json-0.0.20131108.vaadin1.jar
Progress (3): 0.6/1.2 MB | 446/515 kB | 120/964 kBProgress (3): 0.6/1.2 MB | 446/515 kB | 120/964 kBProgress (3): 0.6/1.2 MB | 446/515 kB | 120/964 kBProgress (3): 0.6/1.2 MB | 446/515 kB | 120/964 kBProgress (3): 0.6/1.2 MB | 450/515 kB | 120/964 kBProgress (3): 0.6/1.2 MB | 450/515 kB | 120/964 kBProgress (3): 0.6/1.2 MB | 450/515 kB | 121/964 kBProgress (3): 0.6/1.2 MB | 450/515 kB | 121/964 kBProgress (3): 0.6/1.2 MB | 454/515 kB | 121/964 kBProgress (3): 0.6/1.2 MB | 454/515 kB | 121/964 kBProgress (3): 0.6/1.2 MB | 454/515 kB | 124/964 kBProgress (3): 0.6/1.2 MB | 454/515 kB | 124/964 kBProgress (3): 0.6/1.2 MB | 458/515 kB | 124/964 kBProgress (3): 0.7/1.2 MB | 458/515 kB | 124/964 kBProgress (3): 0.7/1.2 MB | 458/515 kB | 124/964 kBProgress (3): 0.7/1.2 MB | 458/515 kB | 125/964 kBProgress (3): 0.7/1.2 MB | 458/515 kB | 125/964 kBProgress (3): 0.7/1.2 MB | 462/515 kB | 125/964 kBProgress (3): 0.7/1.2 MB | 466/515 kB | 125/964 kBProgress (3): 0.7/1.2 MB | 466/515 kB | 128/964 kBProgress (3): 0.7/1.2 MB | 470/515 kB | 128/964 kBProgress (3): 0.7/1.2 MB | 470/515 kB | 128/964 kBProgress (3): 0.7/1.2 MB | 475/515 kB | 128/964 kBProgress (3): 0.7/1.2 MB | 475/515 kB | 129/964 kBProgress (3): 0.7/1.2 MB | 475/515 kB | 132/964 kBProgress (3): 0.7/1.2 MB | 475/515 kB | 132/964 kBProgress (3): 0.7/1.2 MB | 475/515 kB | 134/964 kBProgress (3): 0.7/1.2 MB | 479/515 kB | 134/964 kBProgress (3): 0.7/1.2 MB | 479/515 kB | 136/964 kBProgress (3): 0.7/1.2 MB | 479/515 kB | 136/964 kBProgress (3): 0.7/1.2 MB | 479/515 kB | 138/964 kBProgress (3): 0.7/1.2 MB | 483/515 kB | 138/964 kBProgress (3): 0.7/1.2 MB | 487/515 kB | 138/964 kBProgress (3): 0.7/1.2 MB | 491/515 kB | 138/964 kBProgress (4): 0.7/1.2 MB | 491/515 kB | 138/964 kB | 4.1/207 kBProgress (4): 0.7/1.2 MB | 491/515 kB | 138/964 kB | 7.7/207 kBProgress (4): 0.7/1.2 MB | 495/515 kB | 138/964 kB | 7.7/207 kBProgress (4): 0.7/1.2 MB | 495/515 kB | 140/964 kB | 7.7/207 kBProgress (4): 0.7/1.2 MB | 495/515 kB | 140/964 kB | 7.7/207 kBProgress (4): 0.7/1.2 MB | 495/515 kB | 142/964 kB | 7.7/207 kBProgress (4): 0.7/1.2 MB | 495/515 kB | 142/964 kB | 7.7/207 kBProgress (4): 0.7/1.2 MB | 499/515 kB | 142/964 kB | 7.7/207 kBProgress (4): 0.7/1.2 MB | 499/515 kB | 142/964 kB | 12/207 kB Progress (4): 0.7/1.2 MB | 503/515 kB | 142/964 kB | 12/207 kBProgress (4): 0.7/1.2 MB | 503/515 kB | 142/964 kB | 12/207 kBProgress (4): 0.7/1.2 MB | 503/515 kB | 144/964 kB | 12/207 kBProgress (4): 0.7/1.2 MB | 503/515 kB | 144/964 kB | 12/207 kBProgress (4): 0.7/1.2 MB | 507/515 kB | 144/964 kB | 12/207 kBProgress (4): 0.7/1.2 MB | 507/515 kB | 144/964 kB | 16/207 kBProgress (4): 0.7/1.2 MB | 511/515 kB | 144/964 kB | 16/207 kBProgress (4): 0.7/1.2 MB | 515 kB | 144/964 kB | 16/207 kB    Progress (4): 0.7/1.2 MB | 515 kB | 144/964 kB | 16/207 kBProgress (4): 0.7/1.2 MB | 515 kB | 146/964 kB | 16/207 kBProgress (4): 0.7/1.2 MB | 515 kB | 146/964 kB | 20/207 kBProgress (4): 0.7/1.2 MB | 515 kB | 149/964 kB | 20/207 kBProgress (4): 0.7/1.2 MB | 515 kB | 149/964 kB | 20/207 kBProgress (4): 0.7/1.2 MB | 515 kB | 150/964 kB | 20/207 kBProgress (4): 0.7/1.2 MB | 515 kB | 150/964 kB | 24/207 kBProgress (4): 0.7/1.2 MB | 515 kB | 153/964 kB | 24/207 kBProgress (4): 0.7/1.2 MB | 515 kB | 153/964 kB | 24/207 kBProgress (4): 0.7/1.2 MB | 515 kB | 154/964 kB | 24/207 kBProgress (4): 0.7/1.2 MB | 515 kB | 154/964 kB | 28/207 kBProgress (4): 0.7/1.2 MB | 515 kB | 157/964 kB | 28/207 kBProgress (4): 0.7/1.2 MB | 515 kB | 157/964 kB | 28/207 kBProgress (4): 0.7/1.2 MB | 515 kB | 158/964 kB | 28/207 kBProgress (4): 0.7/1.2 MB | 515 kB | 158/964 kB | 32/207 kBProgress (4): 0.7/1.2 MB | 515 kB | 161/964 kB | 32/207 kBProgress (4): 0.7/1.2 MB | 515 kB | 161/964 kB | 36/207 kBProgress (4): 0.7/1.2 MB | 515 kB | 161/964 kB | 36/207 kBProgress (4): 0.7/1.2 MB | 515 kB | 161/964 kB | 40/207 kBProgress (4): 0.7/1.2 MB | 515 kB | 161/964 kB | 45/207 kBProgress (4): 0.7/1.2 MB | 515 kB | 161/964 kB | 49/207 kBProgress (4): 0.7/1.2 MB | 515 kB | 161/964 kB | 49/207 kBProgress (4): 0.7/1.2 MB | 515 kB | 161/964 kB | 49/207 kBProgress (4): 0.7/1.2 MB | 515 kB | 162/964 kB | 49/207 kBProgress (4): 0.7/1.2 MB | 515 kB | 162/964 kB | 49/207 kBProgress (4): 0.7/1.2 MB | 515 kB | 162/964 kB | 53/207 kBProgress (4): 0.7/1.2 MB | 515 kB | 162/964 kB | 53/207 kBProgress (4): 0.7/1.2 MB | 515 kB | 165/964 kB | 53/207 kBProgress (4): 0.7/1.2 MB | 515 kB | 165/964 kB | 57/207 kBProgress (4): 0.7/1.2 MB | 515 kB | 166/964 kB | 57/207 kBProgress (4): 0.7/1.2 MB | 515 kB | 169/964 kB | 57/207 kBProgress (4): 0.7/1.2 MB | 515 kB | 170/964 kB | 57/207 kBProgress (4): 0.7/1.2 MB | 515 kB | 173/964 kB | 57/207 kBProgress (4): 0.7/1.2 MB | 515 kB | 174/964 kB | 57/207 kBProgress (4): 0.7/1.2 MB | 515 kB | 177/964 kB | 57/207 kBProgress (4): 0.7/1.2 MB | 515 kB | 177/964 kB | 57/207 kBProgress (4): 0.7/1.2 MB | 515 kB | 179/964 kB | 57/207 kBProgress (4): 0.7/1.2 MB | 515 kB | 179/964 kB | 61/207 kBProgress (4): 0.7/1.2 MB | 515 kB | 181/964 kB | 61/207 kBProgress (4): 0.7/1.2 MB | 515 kB | 181/964 kB | 61/207 kBProgress (4): 0.7/1.2 MB | 515 kB | 183/964 kB | 61/207 kBProgress (4): 0.7/1.2 MB | 515 kB | 183/964 kB | 65/207 kBProgress (4): 0.7/1.2 MB | 515 kB | 185/964 kB | 65/207 kBProgress (4): 0.7/1.2 MB | 515 kB | 185/964 kB | 69/207 kBProgress (4): 0.7/1.2 MB | 515 kB | 185/964 kB | 69/207 kBProgress (4): 0.7/1.2 MB | 515 kB | 185/964 kB | 73/207 kBProgress (4): 0.7/1.2 MB | 515 kB | 187/964 kB | 73/207 kBProgress (4): 0.7/1.2 MB | 515 kB | 187/964 kB | 77/207 kBProgress (4): 0.7/1.2 MB | 515 kB | 187/964 kB | 77/207 kBProgress (4): 0.7/1.2 MB | 515 kB | 187/964 kB | 81/207 kBProgress (4): 0.7/1.2 MB | 515 kB | 187/964 kB | 81/207 kBProgress (4): 0.8/1.2 MB | 515 kB | 187/964 kB | 81/207 kBProgress (4): 0.8/1.2 MB | 515 kB | 187/964 kB | 81/207 kBProgress (4): 0.8/1.2 MB | 515 kB | 187/964 kB | 81/207 kBProgress (4): 0.8/1.2 MB | 515 kB | 190/964 kB | 81/207 kBProgress (4): 0.8/1.2 MB | 515 kB | 190/964 kB | 81/207 kBProgress (4): 0.8/1.2 MB | 515 kB | 190/964 kB | 85/207 kBProgress (4): 0.8/1.2 MB | 515 kB | 190/964 kB | 85/207 kBProgress (4): 0.8/1.2 MB | 515 kB | 191/964 kB | 85/207 kBProgress (4): 0.8/1.2 MB | 515 kB | 191/964 kB | 85/207 kBProgress (4): 0.8/1.2 MB | 515 kB | 191/964 kB | 90/207 kBProgress (4): 0.8/1.2 MB | 515 kB | 191/964 kB | 90/207 kBProgress (4): 0.8/1.2 MB | 515 kB | 194/964 kB | 90/207 kBProgress (4): 0.8/1.2 MB | 515 kB | 194/964 kB | 94/207 kBProgress (4): 0.8/1.2 MB | 515 kB | 194/964 kB | 94/207 kBProgress (4): 0.8/1.2 MB | 515 kB | 195/964 kB | 94/207 kBProgress (5): 0.8/1.2 MB | 515 kB | 195/964 kB | 94/207 kB | 4.1/18 kBProgress (5): 0.8/1.2 MB | 515 kB | 195/964 kB | 94/207 kB | 4.1/18 kBProgress (5): 0.8/1.2 MB | 515 kB | 195/964 kB | 98/207 kB | 4.1/18 kBProgress (5): 0.8/1.2 MB | 515 kB | 195/964 kB | 98/207 kB | 4.1/18 kBProgress (5): 0.8/1.2 MB | 515 kB | 195/964 kB | 98/207 kB | 8.2/18 kBProgress (5): 0.8/1.2 MB | 515 kB | 198/964 kB | 98/207 kB | 8.2/18 kBProgress (5): 0.8/1.2 MB | 515 kB | 198/964 kB | 98/207 kB | 12/18 kB Progress (5): 0.8/1.2 MB | 515 kB | 198/964 kB | 98/207 kB | 12/18 kBProgress (5): 0.8/1.2 MB | 515 kB | 198/964 kB | 102/207 kB | 12/18 kBProgress (5): 0.8/1.2 MB | 515 kB | 198/964 kB | 102/207 kB | 16/18 kBProgress (5): 0.8/1.2 MB | 515 kB | 199/964 kB | 102/207 kB | 16/18 kBProgress (5): 0.8/1.2 MB | 515 kB | 199/964 kB | 102/207 kB | 18 kB   Progress (5): 0.8/1.2 MB | 515 kB | 199/964 kB | 102/207 kB | 18 kBProgress (5): 0.8/1.2 MB | 515 kB | 199/964 kB | 106/207 kB | 18 kBProgress (5): 0.8/1.2 MB | 515 kB | 199/964 kB | 106/207 kB | 18 kBProgress (5): 0.8/1.2 MB | 515 kB | 202/964 kB | 106/207 kB | 18 kBProgress (5): 0.8/1.2 MB | 515 kB | 202/964 kB | 106/207 kB | 18 kBProgress (5): 0.8/1.2 MB | 515 kB | 202/964 kB | 110/207 kB | 18 kBProgress (5): 0.8/1.2 MB | 515 kB | 202/964 kB | 110/207 kB | 18 kBProgress (5): 0.8/1.2 MB | 515 kB | 203/964 kB | 110/207 kB | 18 kBProgress (5): 0.8/1.2 MB | 515 kB | 203/964 kB | 114/207 kB | 18 kBProgress (5): 0.8/1.2 MB | 515 kB | 203/964 kB | 114/207 kB | 18 kBProgress (5): 0.8/1.2 MB | 515 kB | 203/964 kB | 118/207 kB | 18 kBProgress (5): 0.8/1.2 MB | 515 kB | 206/964 kB | 118/207 kB | 18 kBProgress (5): 0.8/1.2 MB | 515 kB | 206/964 kB | 122/207 kB | 18 kBProgress (5): 0.8/1.2 MB | 515 kB | 206/964 kB | 122/207 kB | 18 kBProgress (5): 0.8/1.2 MB | 515 kB | 206/964 kB | 126/207 kB | 18 kBProgress (5): 0.8/1.2 MB | 515 kB | 207/964 kB | 126/207 kB | 18 kBProgress (5): 0.8/1.2 MB | 515 kB | 207/964 kB | 131/207 kB | 18 kBProgress (5): 0.8/1.2 MB | 515 kB | 207/964 kB | 131/207 kB | 18 kBProgress (5): 0.8/1.2 MB | 515 kB | 207/964 kB | 135/207 kB | 18 kBProgress (5): 0.8/1.2 MB | 515 kB | 210/964 kB | 135/207 kB | 18 kBProgress (5): 0.8/1.2 MB | 515 kB | 210/964 kB | 139/207 kB | 18 kBProgress (5): 0.8/1.2 MB | 515 kB | 210/964 kB | 139/207 kB | 18 kBProgress (5): 0.8/1.2 MB | 515 kB | 210/964 kB | 143/207 kB | 18 kBProgress (5): 0.8/1.2 MB | 515 kB | 210/964 kB | 147/207 kB | 18 kBProgress (5): 0.8/1.2 MB | 515 kB | 211/964 kB | 147/207 kB | 18 kBProgress (5): 0.8/1.2 MB | 515 kB | 211/964 kB | 151/207 kB | 18 kBProgress (5): 0.8/1.2 MB | 515 kB | 211/964 kB | 155/207 kB | 18 kBProgress (5): 0.8/1.2 MB | 515 kB | 211/964 kB | 159/207 kB | 18 kBProgress (5): 0.8/1.2 MB | 515 kB | 211/964 kB | 163/207 kB | 18 kBProgress (5): 0.8/1.2 MB | 515 kB | 211/964 kB | 163/207 kB | 18 kBProgress (5): 0.8/1.2 MB | 515 kB | 211/964 kB | 167/207 kB | 18 kBProgress (5): 0.8/1.2 MB | 515 kB | 211/964 kB | 171/207 kB | 18 kBProgress (5): 0.8/1.2 MB | 515 kB | 214/964 kB | 171/207 kB | 18 kBProgress (5): 0.8/1.2 MB | 515 kB | 214/964 kB | 176/207 kB | 18 kBProgress (5): 0.8/1.2 MB | 515 kB | 214/964 kB | 176/207 kB | 18 kBProgress (5): 0.8/1.2 MB | 515 kB | 214/964 kB | 180/207 kB | 18 kBProgress (5): 0.8/1.2 MB | 515 kB | 215/964 kB | 180/207 kB | 18 kBProgress (5): 0.8/1.2 MB | 515 kB | 215/964 kB | 180/207 kB | 18 kBProgress (5): 0.8/1.2 MB | 515 kB | 215/964 kB | 184/207 kB | 18 kBProgress (5): 0.8/1.2 MB | 515 kB | 218/964 kB | 184/207 kB | 18 kBProgress (5): 0.8/1.2 MB | 515 kB | 218/964 kB | 188/207 kB | 18 kBProgress (5): 0.8/1.2 MB | 515 kB | 218/964 kB | 188/207 kB | 18 kBProgress (5): 0.8/1.2 MB | 515 kB | 218/964 kB | 192/207 kB | 18 kBProgress (5): 0.8/1.2 MB | 515 kB | 218/964 kB | 196/207 kB | 18 kBProgress (5): 0.8/1.2 MB | 515 kB | 220/964 kB | 196/207 kB | 18 kBProgress (5): 0.8/1.2 MB | 515 kB | 220/964 kB | 200/207 kB | 18 kBProgress (5): 0.8/1.2 MB | 515 kB | 220/964 kB | 200/207 kB | 18 kBProgress (5): 0.8/1.2 MB | 515 kB | 220/964 kB | 204/207 kB | 18 kBProgress (5): 0.8/1.2 MB | 515 kB | 222/964 kB | 204/207 kB | 18 kBProgress (5): 0.8/1.2 MB | 515 kB | 222/964 kB | 207 kB | 18 kB    Progress (5): 0.8/1.2 MB | 515 kB | 222/964 kB | 207 kB | 18 kBProgress (5): 0.8/1.2 MB | 515 kB | 224/964 kB | 207 kB | 18 kBProgress (5): 0.9/1.2 MB | 515 kB | 224/964 kB | 207 kB | 18 kBProgress (5): 0.9/1.2 MB | 515 kB | 226/964 kB | 207 kB | 18 kBProgress (5): 0.9/1.2 MB | 515 kB | 226/964 kB | 207 kB | 18 kBProgress (5): 0.9/1.2 MB | 515 kB | 226/964 kB | 207 kB | 18 kBProgress (5): 0.9/1.2 MB | 515 kB | 226/964 kB | 207 kB | 18 kBProgress (5): 0.9/1.2 MB | 515 kB | 226/964 kB | 207 kB | 18 kBProgress (5): 0.9/1.2 MB | 515 kB | 226/964 kB | 207 kB | 18 kBProgress (5): 0.9/1.2 MB | 515 kB | 226/964 kB | 207 kB | 18 kBProgress (5): 0.9/1.2 MB | 515 kB | 226/964 kB | 207 kB | 18 kBProgress (5): 0.9/1.2 MB | 515 kB | 226/964 kB | 207 kB | 18 kBProgress (5): 0.9/1.2 MB | 515 kB | 226/964 kB | 207 kB | 18 kBProgress (5): 0.9/1.2 MB | 515 kB | 228/964 kB | 207 kB | 18 kBProgress (5): 0.9/1.2 MB | 515 kB | 228/964 kB | 207 kB | 18 kB                                                               Downloaded from central: https://repo.maven.apache.org/maven2/com/amazonaws/elasticache-java-cluster-client/1.1.1/elasticache-java-cluster-client-1.1.1.jar (515 kB at 1.1 MB/s)
Progress (4): 0.9/1.2 MB | 228/964 kB | 207 kB | 18 kBProgress (4): 0.9/1.2 MB | 230/964 kB | 207 kB | 18 kBProgress (4): 0.9/1.2 MB | 230/964 kB | 207 kB | 18 kBProgress (4): 0.9/1.2 MB | 232/964 kB | 207 kB | 18 kBProgress (4): 0.9/1.2 MB | 232/964 kB | 207 kB | 18 kBProgress (4): 0.9/1.2 MB | 235/964 kB | 207 kB | 18 kBProgress (4): 0.9/1.2 MB | 236/964 kB | 207 kB | 18 kBProgress (4): 0.9/1.2 MB | 236/964 kB | 207 kB | 18 kBProgress (4): 0.9/1.2 MB | 239/964 kB | 207 kB | 18 kBProgress (4): 0.9/1.2 MB | 239/964 kB | 207 kB | 18 kBProgress (4): 0.9/1.2 MB | 240/964 kB | 207 kB | 18 kBProgress (4): 0.9/1.2 MB | 240/964 kB | 207 kB | 18 kBProgress (4): 0.9/1.2 MB | 243/964 kB | 207 kB | 18 kBProgress (4): 0.9/1.2 MB | 243/964 kB | 207 kB | 18 kBProgress (4): 0.9/1.2 MB | 244/964 kB | 207 kB | 18 kBProgress (4): 0.9/1.2 MB | 244/964 kB | 207 kB | 18 kBProgress (4): 0.9/1.2 MB | 247/964 kB | 207 kB | 18 kBProgress (4): 0.9/1.2 MB | 247/964 kB | 207 kB | 18 kBProgress (4): 0.9/1.2 MB | 248/964 kB | 207 kB | 18 kBProgress (4): 0.9/1.2 MB | 248/964 kB | 207 kB | 18 kBProgress (4): 0.9/1.2 MB | 251/964 kB | 207 kB | 18 kBProgress (4): 0.9/1.2 MB | 251/964 kB | 207 kB | 18 kBProgress (4): 0.9/1.2 MB | 252/964 kB | 207 kB | 18 kBProgress (4): 0.9/1.2 MB | 252/964 kB | 207 kB | 18 kBProgress (4): 0.9/1.2 MB | 255/964 kB | 207 kB | 18 kBProgress (4): 0.9/1.2 MB | 255/964 kB | 207 kB | 18 kBProgress (4): 0.9/1.2 MB | 256/964 kB | 207 kB | 18 kBProgress (4): 1.0/1.2 MB | 256/964 kB | 207 kB | 18 kBProgress (4): 1.0/1.2 MB | 259/964 kB | 207 kB | 18 kBProgress (4): 1.0/1.2 MB | 259/964 kB | 207 kB | 18 kBProgress (4): 1.0/1.2 MB | 260/964 kB | 207 kB | 18 kBProgress (4): 1.0/1.2 MB | 260/964 kB | 207 kB | 18 kBProgress (4): 1.0/1.2 MB | 263/964 kB | 207 kB | 18 kBProgress (4): 1.0/1.2 MB | 263/964 kB | 207 kB | 18 kBProgress (4): 1.0/1.2 MB | 265/964 kB | 207 kB | 18 kBProgress (4): 1.0/1.2 MB | 265/964 kB | 207 kB | 18 kBProgress (4): 1.0/1.2 MB | 267/964 kB | 207 kB | 18 kBProgress (4): 1.0/1.2 MB | 267/964 kB | 207 kB | 18 kBProgress (4): 1.0/1.2 MB | 270/964 kB | 207 kB | 18 kBProgress (4): 1.0/1.2 MB | 273/964 kB | 207 kB | 18 kBProgress (4): 1.0/1.2 MB | 273/964 kB | 207 kB | 18 kBProgress (4): 1.0/1.2 MB | 276/964 kB | 207 kB | 18 kBProgress (4): 1.0/1.2 MB | 276/964 kB | 207 kB | 18 kBProgress (4): 1.0/1.2 MB | 278/964 kB | 207 kB | 18 kBProgress (4): 1.0/1.2 MB | 278/964 kB | 207 kB | 18 kBProgress (4): 1.0/1.2 MB | 281/964 kB | 207 kB | 18 kBProgress (4): 1.0/1.2 MB | 281/964 kB | 207 kB | 18 kBProgress (4): 1.0/1.2 MB | 284/964 kB | 207 kB | 18 kBProgress (4): 1.0/1.2 MB | 284/964 kB | 207 kB | 18 kBProgress (4): 1.0/1.2 MB | 286/964 kB | 207 kB | 18 kBProgress (4): 1.0/1.2 MB | 286/964 kB | 207 kB | 18 kBProgress (4): 1.0/1.2 MB | 289/964 kB | 207 kB | 18 kBProgress (4): 1.0/1.2 MB | 289/964 kB | 207 kB | 18 kBProgress (4): 1.0/1.2 MB | 292/964 kB | 207 kB | 18 kBProgress (4): 1.0/1.2 MB | 292/964 kB | 207 kB | 18 kBProgress (4): 1.0/1.2 MB | 295/964 kB | 207 kB | 18 kBProgress (4): 1.0/1.2 MB | 295/964 kB | 207 kB | 18 kBProgress (4): 1.0/1.2 MB | 297/964 kB | 207 kB | 18 kBProgress (4): 1.0/1.2 MB | 297/964 kB | 207 kB | 18 kBProgress (4): 1.0/1.2 MB | 300/964 kB | 207 kB | 18 kBProgress (4): 1.0/1.2 MB | 300/964 kB | 207 kB | 18 kBProgress (4): 1.0/1.2 MB | 303/964 kB | 207 kB | 18 kBProgress (4): 1.0/1.2 MB | 303/964 kB | 207 kB | 18 kBProgress (4): 1.0/1.2 MB | 306/964 kB | 207 kB | 18 kB                                                      Downloaded from central: https://repo.maven.apache.org/maven2/com/jayway/jsonpath/json-path/2.2.0/json-path-2.2.0.jar (207 kB at 423 kB/s)
Progress (3): 1.0/1.2 MB | 308/964 kB | 18 kBProgress (3): 1.0/1.2 MB | 308/964 kB | 18 kBProgress (3): 1.0/1.2 MB | 311/964 kB | 18 kBProgress (3): 1.0/1.2 MB | 311/964 kB | 18 kBProgress (3): 1.0/1.2 MB | 314/964 kB | 18 kBProgress (3): 1.0/1.2 MB | 314/964 kB | 18 kBProgress (3): 1.0/1.2 MB | 314/964 kB | 18 kBProgress (3): 1.0/1.2 MB | 318/964 kB | 18 kBProgress (3): 1.0/1.2 MB | 318/964 kB | 18 kBProgress (3): 1.0/1.2 MB | 322/964 kB | 18 kBProgress (3): 1.0/1.2 MB | 322/964 kB | 18 kBProgress (3): 1.0/1.2 MB | 326/964 kB | 18 kBProgress (3): 1.1/1.2 MB | 326/964 kB | 18 kBProgress (3): 1.1/1.2 MB | 330/964 kB | 18 kBProgress (3): 1.1/1.2 MB | 330/964 kB | 18 kBProgress (3): 1.1/1.2 MB | 334/964 kB | 18 kBProgress (3): 1.1/1.2 MB | 334/964 kB | 18 kBProgress (3): 1.1/1.2 MB | 338/964 kB | 18 kBProgress (3): 1.1/1.2 MB | 338/964 kB | 18 kBProgress (3): 1.1/1.2 MB | 342/964 kB | 18 kBProgress (3): 1.1/1.2 MB | 342/964 kB | 18 kBProgress (3): 1.1/1.2 MB | 347/964 kB | 18 kBProgress (3): 1.1/1.2 MB | 347/964 kB | 18 kBProgress (3): 1.1/1.2 MB | 351/964 kB | 18 kBProgress (3): 1.1/1.2 MB | 351/964 kB | 18 kBProgress (3): 1.1/1.2 MB | 355/964 kB | 18 kBProgress (3): 1.1/1.2 MB | 355/964 kB | 18 kBProgress (3): 1.1/1.2 MB | 359/964 kB | 18 kBProgress (3): 1.1/1.2 MB | 359/964 kB | 18 kBProgress (3): 1.1/1.2 MB | 363/964 kB | 18 kBProgress (3): 1.1/1.2 MB | 363/964 kB | 18 kBProgress (3): 1.1/1.2 MB | 367/964 kB | 18 kBProgress (3): 1.1/1.2 MB | 371/964 kB | 18 kBProgress (3): 1.1/1.2 MB | 371/964 kB | 18 kBProgress (3): 1.1/1.2 MB | 375/964 kB | 18 kBProgress (3): 1.1/1.2 MB | 375/964 kB | 18 kBProgress (3): 1.1/1.2 MB | 379/964 kB | 18 kBProgress (3): 1.1/1.2 MB | 379/964 kB | 18 kBProgress (3): 1.1/1.2 MB | 379/964 kB | 18 kBProgress (3): 1.1/1.2 MB | 383/964 kB | 18 kBProgress (3): 1.1/1.2 MB | 387/964 kB | 18 kBProgress (3): 1.1/1.2 MB | 392/964 kB | 18 kBProgress (3): 1.1/1.2 MB | 396/964 kB | 18 kBProgress (3): 1.1/1.2 MB | 396/964 kB | 18 kBProgress (3): 1.1/1.2 MB | 396/964 kB | 18 kBProgress (3): 1.1/1.2 MB | 400/964 kB | 18 kBProgress (3): 1.1/1.2 MB | 400/964 kB | 18 kBProgress (3): 1.1/1.2 MB | 404/964 kB | 18 kBProgress (3): 1.1/1.2 MB | 404/964 kB | 18 kBProgress (3): 1.1/1.2 MB | 408/964 kB | 18 kBProgress (3): 1.1/1.2 MB | 412/964 kB | 18 kBProgress (3): 1.1/1.2 MB | 412/964 kB | 18 kBProgress (3): 1.1/1.2 MB | 412/964 kB | 18 kBProgress (3): 1.1/1.2 MB | 416/964 kB | 18 kBProgress (3): 1.1/1.2 MB | 416/964 kB | 18 kBProgress (3): 1.1/1.2 MB | 420/964 kB | 18 kBProgress (3): 1.1/1.2 MB | 420/964 kB | 18 kBProgress (3): 1.1/1.2 MB | 424/964 kB | 18 kBProgress (3): 1.1/1.2 MB | 428/964 kB | 18 kBProgress (3): 1.1/1.2 MB | 428/964 kB | 18 kBProgress (3): 1.1/1.2 MB | 428/964 kB | 18 kBProgress (3): 1.1/1.2 MB | 433/964 kB | 18 kBProgress (3): 1.1/1.2 MB | 433/964 kB | 18 kBProgress (3): 1.1/1.2 MB | 437/964 kB | 18 kBProgress (3): 1.2/1.2 MB | 437/964 kB | 18 kBProgress (3): 1.2/1.2 MB | 441/964 kB | 18 kBProgress (3): 1.2/1.2 MB | 445/964 kB | 18 kBProgress (3): 1.2/1.2 MB | 445/964 kB | 18 kBProgress (3): 1.2/1.2 MB | 445/964 kB | 18 kBProgress (3): 1.2/1.2 MB | 449/964 kB | 18 kBProgress (3): 1.2/1.2 MB | 449/964 kB | 18 kBProgress (3): 1.2/1.2 MB | 453/964 kB | 18 kBProgress (3): 1.2/1.2 MB | 453/964 kB | 18 kBProgress (3): 1.2/1.2 MB | 457/964 kB | 18 kBProgress (3): 1.2/1.2 MB | 461/964 kB | 18 kBProgress (3): 1.2/1.2 MB | 461/964 kB | 18 kBProgress (3): 1.2/1.2 MB | 461/964 kB | 18 kBProgress (3): 1.2/1.2 MB | 465/964 kB | 18 kBProgress (3): 1.2/1.2 MB | 465/964 kB | 18 kBProgress (3): 1.2/1.2 MB | 469/964 kB | 18 kBProgress (3): 1.2/1.2 MB | 469/964 kB | 18 kBProgress (3): 1.2/1.2 MB | 473/964 kB | 18 kBProgress (3): 1.2/1.2 MB | 478/964 kB | 18 kBProgress (3): 1.2/1.2 MB | 478/964 kB | 18 kBProgress (3): 1.2/1.2 MB | 478/964 kB | 18 kBProgress (3): 1.2/1.2 MB | 482/964 kB | 18 kBProgress (3): 1.2/1.2 MB | 482/964 kB | 18 kBProgress (3): 1.2/1.2 MB | 486/964 kB | 18 kBProgress (3): 1.2/1.2 MB | 486/964 kB | 18 kBProgress (3): 1.2/1.2 MB | 490/964 kB | 18 kBProgress (3): 1.2/1.2 MB | 494/964 kB | 18 kBProgress (3): 1.2/1.2 MB | 494/964 kB | 18 kBProgress (3): 1.2/1.2 MB | 494/964 kB | 18 kBProgress (3): 1.2/1.2 MB | 498/964 kB | 18 kBProgress (3): 1.2/1.2 MB | 498/964 kB | 18 kBProgress (3): 1.2/1.2 MB | 502/964 kB | 18 kBProgress (3): 1.2/1.2 MB | 502/964 kB | 18 kBProgress (3): 1.2/1.2 MB | 506/964 kB | 18 kBProgress (3): 1.2/1.2 MB | 510/964 kB | 18 kBProgress (3): 1.2/1.2 MB | 510/964 kB | 18 kBProgress (3): 1.2/1.2 MB | 514/964 kB | 18 kBProgress (3): 1.2/1.2 MB | 519/964 kB | 18 kBProgress (3): 1.2/1.2 MB | 523/964 kB | 18 kBProgress (3): 1.2/1.2 MB | 527/964 kB | 18 kBProgress (3): 1.2/1.2 MB | 531/964 kB | 18 kBProgress (3): 1.2/1.2 MB | 535/964 kB | 18 kBProgress (3): 1.2/1.2 MB | 539/964 kB | 18 kBProgress (3): 1.2/1.2 MB | 543/964 kB | 18 kBProgress (3): 1.2/1.2 MB | 547/964 kB | 18 kBProgress (3): 1.2/1.2 MB | 551/964 kB | 18 kBProgress (3): 1.2/1.2 MB | 555/964 kB | 18 kBProgress (3): 1.2/1.2 MB | 560/964 kB | 18 kBProgress (3): 1.2/1.2 MB | 564/964 kB | 18 kBProgress (3): 1.2/1.2 MB | 568/964 kB | 18 kBProgress (3): 1.2/1.2 MB | 570/964 kB | 18 kBProgress (3): 1.2/1.2 MB | 572/964 kB | 18 kBProgress (3): 1.2/1.2 MB | 575/964 kB | 18 kBProgress (3): 1.2/1.2 MB | 576/964 kB | 18 kBProgress (3): 1.2/1.2 MB | 579/964 kB | 18 kBProgress (3): 1.2/1.2 MB | 580/964 kB | 18 kBProgress (3): 1.2/1.2 MB | 583/964 kB | 18 kBProgress (3): 1.2/1.2 MB | 583/964 kB | 18 kB                                             Downloaded from central: https://repo.maven.apache.org/maven2/com/vaadin/external/google/android-json/0.0.20131108.vaadin1/android-json-0.0.20131108.vaadin1.jar (18 kB at 34 kB/s)
Progress (2): 1.2/1.2 MB | 583/964 kBProgress (2): 1.2/1.2 MB | 584/964 kBProgress (2): 1.2/1.2 MB | 584/964 kBProgress (2): 1.2/1.2 MB | 587/964 kBProgress (2): 1.2/1.2 MB | 588/964 kBProgress (2): 1.2/1.2 MB | 588/964 kBProgress (2): 1.2/1.2 MB | 591/964 kBProgress (2): 1.2/1.2 MB | 591/964 kBProgress (2): 1.2/1.2 MB | 592/964 kBProgress (2): 1.2/1.2 MB | 592/964 kBProgress (2): 1.2/1.2 MB | 595/964 kBProgress (2): 1.2 MB | 595/964 kB    Progress (2): 1.2 MB | 596/964 kBProgress (2): 1.2 MB | 599/964 kBProgress (2): 1.2 MB | 600/964 kBProgress (2): 1.2 MB | 603/964 kBProgress (2): 1.2 MB | 605/964 kBProgress (2): 1.2 MB | 607/964 kBProgress (2): 1.2 MB | 609/964 kBProgress (2): 1.2 MB | 611/964 kBProgress (2): 1.2 MB | 613/964 kBProgress (2): 1.2 MB | 616/964 kBProgress (2): 1.2 MB | 617/964 kBProgress (2): 1.2 MB | 620/964 kBProgress (2): 1.2 MB | 621/964 kBProgress (2): 1.2 MB | 624/964 kBProgress (2): 1.2 MB | 625/964 kBProgress (2): 1.2 MB | 628/964 kBProgress (2): 1.2 MB | 629/964 kBProgress (2): 1.2 MB | 632/964 kBProgress (2): 1.2 MB | 633/964 kBProgress (2): 1.2 MB | 636/964 kBProgress (2): 1.2 MB | 637/964 kBProgress (2): 1.2 MB | 640/964 kBProgress (2): 1.2 MB | 641/964 kBProgress (2): 1.2 MB | 644/964 kBProgress (2): 1.2 MB | 646/964 kBProgress (2): 1.2 MB | 648/964 kBProgress (2): 1.2 MB | 650/964 kBProgress (2): 1.2 MB | 652/964 kBProgress (2): 1.2 MB | 655/964 kBProgress (2): 1.2 MB | 658/964 kBProgress (2): 1.2 MB | 661/964 kBProgress (2): 1.2 MB | 663/964 kBProgress (2): 1.2 MB | 666/964 kBProgress (2): 1.2 MB | 669/964 kBProgress (2): 1.2 MB | 672/964 kBProgress (2): 1.2 MB | 674/964 kBProgress (2): 1.2 MB | 677/964 kBProgress (2): 1.2 MB | 680/964 kBProgress (2): 1.2 MB | 682/964 kBProgress (2): 1.2 MB | 685/964 kBProgress (2): 1.2 MB | 688/964 kBProgress (2): 1.2 MB | 691/964 kBProgress (2): 1.2 MB | 693/964 kBProgress (2): 1.2 MB | 696/964 kBProgress (2): 1.2 MB | 699/964 kBProgress (2): 1.2 MB | 703/964 kBProgress (2): 1.2 MB | 707/964 kBProgress (2): 1.2 MB | 711/964 kBProgress (2): 1.2 MB | 715/964 kBProgress (2): 1.2 MB | 719/964 kBProgress (2): 1.2 MB | 723/964 kBProgress (2): 1.2 MB | 727/964 kBProgress (2): 1.2 MB | 732/964 kBProgress (2): 1.2 MB | 736/964 kBProgress (2): 1.2 MB | 740/964 kBProgress (2): 1.2 MB | 744/964 kBProgress (2): 1.2 MB | 748/964 kBProgress (2): 1.2 MB | 752/964 kBProgress (2): 1.2 MB | 756/964 kBProgress (2): 1.2 MB | 760/964 kBProgress (2): 1.2 MB | 764/964 kBProgress (2): 1.2 MB | 768/964 kBProgress (2): 1.2 MB | 772/964 kBProgress (2): 1.2 MB | 777/964 kBProgress (2): 1.2 MB | 781/964 kBProgress (2): 1.2 MB | 785/964 kBProgress (2): 1.2 MB | 789/964 kBProgress (2): 1.2 MB | 793/964 kBProgress (2): 1.2 MB | 797/964 kBProgress (2): 1.2 MB | 801/964 kBProgress (2): 1.2 MB | 805/964 kBProgress (2): 1.2 MB | 809/964 kBProgress (2): 1.2 MB | 813/964 kBProgress (2): 1.2 MB | 818/964 kBProgress (2): 1.2 MB | 822/964 kBProgress (2): 1.2 MB | 826/964 kBProgress (2): 1.2 MB | 830/964 kBProgress (2): 1.2 MB | 834/964 kBProgress (2): 1.2 MB | 838/964 kBProgress (2): 1.2 MB | 842/964 kBProgress (2): 1.2 MB | 846/964 kBProgress (2): 1.2 MB | 850/964 kBProgress (2): 1.2 MB | 854/964 kBProgress (2): 1.2 MB | 859/964 kBProgress (2): 1.2 MB | 863/964 kBProgress (2): 1.2 MB | 867/964 kBProgress (2): 1.2 MB | 871/964 kBProgress (2): 1.2 MB | 875/964 kBProgress (2): 1.2 MB | 879/964 kBProgress (2): 1.2 MB | 883/964 kBProgress (2): 1.2 MB | 887/964 kBProgress (2): 1.2 MB | 891/964 kBProgress (2): 1.2 MB | 895/964 kBProgress (2): 1.2 MB | 899/964 kBProgress (2): 1.2 MB | 904/964 kBProgress (2): 1.2 MB | 908/964 kBProgress (2): 1.2 MB | 912/964 kBProgress (2): 1.2 MB | 916/964 kBProgress (2): 1.2 MB | 920/964 kBProgress (2): 1.2 MB | 924/964 kBProgress (2): 1.2 MB | 928/964 kB                                 Downloaded from central: https://repo.maven.apache.org/maven2/com/fasterxml/jackson/core/jackson-databind/2.8.11.2/jackson-databind-2.8.11.2.jar (1.2 MB at 2.2 MB/s)
Progress (1): 932/964 kBProgress (1): 936/964 kBProgress (1): 940/964 kBProgress (1): 945/964 kBProgress (1): 949/964 kBProgress (1): 953/964 kBProgress (1): 955/964 kBProgress (1): 957/964 kBProgress (1): 960/964 kBProgress (1): 962/964 kBProgress (1): 964 kB                        Downloaded from central: https://repo.maven.apache.org/maven2/com/sun/xml/bind/jaxb-impl/2.3.0/jaxb-impl-2.3.0.jar (964 kB at 1.6 MB/s)
[INFO] 
[INFO] --- maven-resources-plugin:2.6:resources (default-resources) @ spring-boot-rest ---
[INFO] Using 'UTF-8' encoding to copy filtered resources.
[INFO] Copying 4 resources
[INFO] 
[INFO] --- maven-compiler-plugin:3.1:compile (default-compile) @ spring-boot-rest ---
Downloading from central: https://repo.maven.apache.org/maven2/com/google/code/findbugs/jsr305/2.0.1/jsr305-2.0.1.pom
Progress (1): 965 B                   Downloaded from central: https://repo.maven.apache.org/maven2/com/google/code/findbugs/jsr305/2.0.1/jsr305-2.0.1.pom (965 B at 24 kB/s)
Downloading from central: https://repo.maven.apache.org/maven2/com/google/collections/google-collections/1.0/google-collections-1.0.pom
Progress (1): 2.5 kB                    Downloaded from central: https://repo.maven.apache.org/maven2/com/google/collections/google-collections/1.0/google-collections-1.0.pom (2.5 kB at 64 kB/s)
Downloading from central: https://repo.maven.apache.org/maven2/com/google/google/1/google-1.pom
Progress (1): 1.6 kB                    Downloaded from central: https://repo.maven.apache.org/maven2/com/google/google/1/google-1.pom (1.6 kB at 44 kB/s)
Downloading from central: https://repo.maven.apache.org/maven2/com/google/code/findbugs/jsr305/2.0.1/jsr305-2.0.1.jar
Downloading from central: https://repo.maven.apache.org/maven2/com/google/collections/google-collections/1.0/google-collections-1.0.jar
Progress (1): 2.8/32 kBProgress (1): 5.5/32 kBProgress (1): 8.3/32 kBProgress (1): 11/32 kB Progress (1): 14/32 kBProgress (1): 16/32 kBProgress (1): 19/32 kBProgress (1): 22/32 kBProgress (1): 25/32 kBProgress (1): 27/32 kBProgress (1): 30/32 kBProgress (1): 32 kB   Progress (2): 32 kB | 4.1/640 kBProgress (2): 32 kB | 8.2/640 kBProgress (2): 32 kB | 12/640 kB Progress (2): 32 kB | 16/640 kBProgress (2): 32 kB | 20/640 kBProgress (2): 32 kB | 25/640 kBProgress (2): 32 kB | 29/640 kBProgress (2): 32 kB | 33/640 kBProgress (2): 32 kB | 37/640 kBProgress (2): 32 kB | 41/640 kBProgress (2): 32 kB | 45/640 kBProgress (2): 32 kB | 49/640 kBProgress (2): 32 kB | 53/640 kBProgress (2): 32 kB | 57/640 kBProgress (2): 32 kB | 61/640 kBProgress (2): 32 kB | 66/640 kBProgress (2): 32 kB | 70/640 kBProgress (2): 32 kB | 74/640 kBProgress (2): 32 kB | 78/640 kBProgress (2): 32 kB | 82/640 kBProgress (2): 32 kB | 86/640 kBProgress (2): 32 kB | 90/640 kBProgress (2): 32 kB | 94/640 kBProgress (2): 32 kB | 98/640 kBProgress (2): 32 kB | 102/640 kBProgress (2): 32 kB | 106/640 kBProgress (2): 32 kB | 111/640 kBProgress (2): 32 kB | 115/640 kBProgress (2): 32 kB | 119/640 kBProgress (2): 32 kB | 123/640 kBProgress (2): 32 kB | 127/640 kBProgress (2): 32 kB | 131/640 kBProgress (2): 32 kB | 135/640 kBProgress (2): 32 kB | 139/640 kBProgress (2): 32 kB | 143/640 kBProgress (2): 32 kB | 147/640 kBProgress (2): 32 kB | 152/640 kBProgress (2): 32 kB | 156/640 kBProgress (2): 32 kB | 160/640 kBProgress (2): 32 kB | 164/640 kBProgress (2): 32 kB | 168/640 kBProgress (2): 32 kB | 172/640 kBProgress (2): 32 kB | 176/640 kBProgress (2): 32 kB | 180/640 kBProgress (2): 32 kB | 184/640 kBProgress (2): 32 kB | 188/640 kBProgress (2): 32 kB | 193/640 kBProgress (2): 32 kB | 197/640 kBProgress (2): 32 kB | 201/640 kBProgress (2): 32 kB | 205/640 kBProgress (2): 32 kB | 209/640 kBProgress (2): 32 kB | 213/640 kBProgress (2): 32 kB | 217/640 kBProgress (2): 32 kB | 221/640 kBProgress (2): 32 kB | 225/640 kBProgress (2): 32 kB | 229/640 kBProgress (2): 32 kB | 233/640 kBProgress (2): 32 kB | 238/640 kBProgress (2): 32 kB | 242/640 kBProgress (2): 32 kB | 246/640 kBProgress (2): 32 kB | 250/640 kBProgress (2): 32 kB | 254/640 kBProgress (2): 32 kB | 258/640 kBProgress (2): 32 kB | 262/640 kBProgress (2): 32 kB | 266/640 kBProgress (2): 32 kB | 270/640 kBProgress (2): 32 kB | 274/640 kBProgress (2): 32 kB | 276/640 kBProgress (2): 32 kB | 280/640 kBProgress (2): 32 kB | 284/640 kBProgress (2): 32 kB | 288/640 kBProgress (2): 32 kB | 292/640 kBProgress (2): 32 kB | 296/640 kBProgress (2): 32 kB | 300/640 kBProgress (2): 32 kB | 304/640 kBProgress (2): 32 kB | 309/640 kBProgress (2): 32 kB | 313/640 kBProgress (2): 32 kB | 317/640 kBProgress (2): 32 kB | 321/640 kBProgress (2): 32 kB | 325/640 kBProgress (2): 32 kB | 329/640 kBProgress (2): 32 kB | 333/640 kBProgress (2): 32 kB | 337/640 kBProgress (2): 32 kB | 341/640 kBProgress (2): 32 kB | 345/640 kBProgress (2): 32 kB | 350/640 kBProgress (2): 32 kB | 354/640 kBProgress (2): 32 kB | 358/640 kBProgress (2): 32 kB | 362/640 kBProgress (2): 32 kB | 366/640 kBProgress (2): 32 kB | 370/640 kBProgress (2): 32 kB | 374/640 kBProgress (2): 32 kB | 378/640 kBProgress (2): 32 kB | 382/640 kBProgress (2): 32 kB | 386/640 kBProgress (2): 32 kB | 390/640 kBProgress (2): 32 kB | 395/640 kBProgress (2): 32 kB | 399/640 kBProgress (2): 32 kB | 403/640 kBProgress (2): 32 kB | 407/640 kBProgress (2): 32 kB | 411/640 kBProgress (2): 32 kB | 415/640 kBProgress (2): 32 kB | 419/640 kBProgress (2): 32 kB | 423/640 kBProgress (2): 32 kB | 427/640 kBProgress (2): 32 kB | 431/640 kBProgress (2): 32 kB | 436/640 kBProgress (2): 32 kB | 440/640 kBProgress (2): 32 kB | 444/640 kBProgress (2): 32 kB | 448/640 kBProgress (2): 32 kB | 452/640 kBProgress (2): 32 kB | 456/640 kBProgress (2): 32 kB | 460/640 kBProgress (2): 32 kB | 464/640 kBProgress (2): 32 kB | 468/640 kBProgress (2): 32 kB | 472/640 kBProgress (2): 32 kB | 476/640 kBProgress (2): 32 kB | 481/640 kBProgress (2): 32 kB | 485/640 kBProgress (2): 32 kB | 489/640 kBProgress (2): 32 kB | 493/640 kBProgress (2): 32 kB | 497/640 kBProgress (2): 32 kB | 501/640 kBProgress (2): 32 kB | 505/640 kBProgress (2): 32 kB | 509/640 kBProgress (2): 32 kB | 513/640 kBProgress (2): 32 kB | 517/640 kBProgress (2): 32 kB | 522/640 kBProgress (2): 32 kB | 526/640 kBProgress (2): 32 kB | 530/640 kBProgress (2): 32 kB | 534/640 kBProgress (2): 32 kB | 538/640 kBProgress (2): 32 kB | 542/640 kBProgress (2): 32 kB | 546/640 kBProgress (2): 32 kB | 550/640 kBProgress (2): 32 kB | 554/640 kBProgress (2): 32 kB | 558/640 kBProgress (2): 32 kB | 562/640 kBProgress (2): 32 kB | 567/640 kBProgress (2): 32 kB | 571/640 kBProgress (2): 32 kB | 575/640 kBProgress (2): 32 kB | 579/640 kBProgress (2): 32 kB | 583/640 kBProgress (2): 32 kB | 587/640 kBProgress (2): 32 kB | 591/640 kBProgress (2): 32 kB | 595/640 kBProgress (2): 32 kB | 599/640 kBProgress (2): 32 kB | 603/640 kBProgress (2): 32 kB | 608/640 kBProgress (2): 32 kB | 612/640 kBProgress (2): 32 kB | 616/640 kBProgress (2): 32 kB | 620/640 kBProgress (2): 32 kB | 624/640 kBProgress (2): 32 kB | 628/640 kBProgress (2): 32 kB | 632/640 kBProgress (2): 32 kB | 636/640 kBProgress (2): 32 kB | 640 kB                                Downloaded from central: https://repo.maven.apache.org/maven2/com/google/collections/google-collections/1.0/google-collections-1.0.jar (640 kB at 4.9 MB/s)
Downloaded from central: https://repo.maven.apache.org/maven2/com/google/code/findbugs/jsr305/2.0.1/jsr305-2.0.1.jar (32 kB at 143 kB/s)
[INFO] Nothing to compile - all classes are up to date
[INFO] 
[INFO] --- maven-resources-plugin:2.6:testResources (default-testResources) @ spring-boot-rest ---
[INFO] Using 'UTF-8' encoding to copy filtered resources.
[INFO] skip non existing resourceDirectory D:\DEV\Workspaces\STS\Sandbox\spring-boot-rest\src\test\resources
[INFO] 
[INFO] --- maven-compiler-plugin:3.1:testCompile (default-testCompile) @ spring-boot-rest ---
[INFO] Nothing to compile - all classes are up to date
[INFO] 
[INFO] --- maven-surefire-plugin:2.21.0:test (default-test) @ spring-boot-rest ---
Downloading from central: https://repo.maven.apache.org/maven2/com/thoughtworks/qdox/qdox/2.0-M7/qdox-2.0-M7.pom
Progress (1): 2.2/16 kBProgress (1): 5.0/16 kBProgress (1): 7.8/16 kBProgress (1): 11/16 kB Progress (1): 13/16 kBProgress (1): 16 kB                      Downloaded from central: https://repo.maven.apache.org/maven2/com/thoughtworks/qdox/qdox/2.0-M7/qdox-2.0-M7.pom (16 kB at 344 kB/s)
Downloading from central: https://repo.maven.apache.org/maven2/com/thoughtworks/qdox/qdox/2.0-M7/qdox-2.0-M7.jar
Progress (1): 2.2/315 kBProgress (1): 5.0/315 kBProgress (1): 7.7/315 kBProgress (1): 10/315 kB Progress (1): 13/315 kBProgress (1): 16/315 kBProgress (1): 19/315 kBProgress (1): 21/315 kBProgress (1): 24/315 kBProgress (1): 27/315 kBProgress (1): 30/315 kBProgress (1): 32/315 kBProgress (1): 36/315 kBProgress (1): 40/315 kBProgress (1): 45/315 kBProgress (1): 49/315 kBProgress (1): 53/315 kBProgress (1): 57/315 kBProgress (1): 61/315 kBProgress (1): 65/315 kBProgress (1): 69/315 kBProgress (1): 73/315 kBProgress (1): 77/315 kBProgress (1): 81/315 kBProgress (1): 85/315 kBProgress (1): 90/315 kBProgress (1): 94/315 kBProgress (1): 98/315 kBProgress (1): 102/315 kBProgress (1): 106/315 kBProgress (1): 110/315 kBProgress (1): 114/315 kBProgress (1): 118/315 kBProgress (1): 122/315 kBProgress (1): 126/315 kBProgress (1): 131/315 kBProgress (1): 135/315 kBProgress (1): 139/315 kBProgress (1): 143/315 kBProgress (1): 147/315 kBProgress (1): 151/315 kBProgress (1): 155/315 kBProgress (1): 159/315 kBProgress (1): 163/315 kBProgress (1): 167/315 kBProgress (1): 171/315 kBProgress (1): 176/315 kBProgress (1): 180/315 kBProgress (1): 184/315 kBProgress (1): 188/315 kBProgress (1): 192/315 kBProgress (1): 196/315 kBProgress (1): 200/315 kBProgress (1): 204/315 kBProgress (1): 208/315 kBProgress (1): 212/315 kBProgress (1): 217/315 kBProgress (1): 221/315 kBProgress (1): 225/315 kBProgress (1): 229/315 kBProgress (1): 233/315 kBProgress (1): 237/315 kBProgress (1): 241/315 kBProgress (1): 245/315 kBProgress (1): 249/315 kBProgress (1): 253/315 kBProgress (1): 258/315 kBProgress (1): 262/315 kBProgress (1): 266/315 kBProgress (1): 270/315 kBProgress (1): 274/315 kBProgress (1): 278/315 kBProgress (1): 282/315 kBProgress (1): 286/315 kBProgress (1): 290/315 kBProgress (1): 294/315 kBProgress (1): 298/315 kBProgress (1): 303/315 kBProgress (1): 307/315 kBProgress (1): 311/315 kBProgress (1): 315/315 kBProgress (1): 315 kB                        Downloaded from central: https://repo.maven.apache.org/maven2/com/thoughtworks/qdox/qdox/2.0-M7/qdox-2.0-M7.jar (315 kB at 4.3 MB/s)
[INFO] Tests are skipped.
[INFO] 
[INFO] --- maven-jar-plugin:2.6:jar (default-jar) @ spring-boot-rest ---
[INFO] Building jar: D:\DEV\Workspaces\STS\Sandbox\spring-boot-rest\target\spring-boot-rest-0.0.1-SNAPSHOT.jar
[INFO] 
[INFO] --- spring-boot-maven-plugin:1.5.14.RELEASE:repackage (default) @ spring-boot-rest ---
Downloading from central: https://repo.maven.apache.org/maven2/com/google/guava/guava/18.0/guava-18.0.pom
Progress (1): 2.8/5.7 kBProgress (1): 5.5/5.7 kBProgress (1): 5.7 kB                        Downloaded from central: https://repo.maven.apache.org/maven2/com/google/guava/guava/18.0/guava-18.0.pom (5.7 kB at 142 kB/s)
Downloading from central: https://repo.maven.apache.org/maven2/com/google/guava/guava-parent/18.0/guava-parent-18.0.pom
Progress (1): 2.8/7.7 kBProgress (1): 5.5/7.7 kBProgress (1): 7.7 kB                        Downloaded from central: https://repo.maven.apache.org/maven2/com/google/guava/guava-parent/18.0/guava-parent-18.0.pom (7.7 kB at 192 kB/s)
Downloading from central: https://repo.maven.apache.org/maven2/com/google/guava/guava/18.0/guava-18.0.jar
Progress (1): 0/2.3 MBProgress (1): 0/2.3 MBProgress (1): 0/2.3 MBProgress (1): 0/2.3 MBProgress (1): 0/2.3 MBProgress (1): 0/2.3 MBProgress (1): 0/2.3 MBProgress (1): 0/2.3 MBProgress (1): 0/2.3 MBProgress (1): 0/2.3 MBProgress (1): 0/2.3 MBProgress (1): 0/2.3 MBProgress (1): 0/2.3 MBProgress (1): 0/2.3 MBProgress (1): 0/2.3 MBProgress (1): 0/2.3 MBProgress (1): 0.1/2.3 MBProgress (1): 0.1/2.3 MBProgress (1): 0.1/2.3 MBProgress (1): 0.1/2.3 MBProgress (1): 0.1/2.3 MBProgress (1): 0.1/2.3 MBProgress (1): 0.1/2.3 MBProgress (1): 0.1/2.3 MBProgress (1): 0.1/2.3 MBProgress (1): 0.1/2.3 MBProgress (1): 0.1/2.3 MBProgress (1): 0.1/2.3 MBProgress (1): 0.1/2.3 MBProgress (1): 0.1/2.3 MBProgress (1): 0.1/2.3 MBProgress (1): 0.1/2.3 MBProgress (1): 0.1/2.3 MBProgress (1): 0.1/2.3 MBProgress (1): 0.1/2.3 MBProgress (1): 0.1/2.3 MBProgress (1): 0.1/2.3 MBProgress (1): 0.1/2.3 MBProgress (1): 0.1/2.3 MBProgress (1): 0.1/2.3 MBProgress (1): 0.2/2.3 MBProgress (1): 0.2/2.3 MBProgress (1): 0.2/2.3 MBProgress (1): 0.2/2.3 MBProgress (1): 0.2/2.3 MBProgress (1): 0.2/2.3 MBProgress (1): 0.2/2.3 MBProgress (1): 0.2/2.3 MBProgress (1): 0.2/2.3 MBProgress (1): 0.2/2.3 MBProgress (1): 0.2/2.3 MBProgress (1): 0.2/2.3 MBProgress (1): 0.2/2.3 MBProgress (1): 0.2/2.3 MBProgress (1): 0.2/2.3 MBProgress (1): 0.2/2.3 MBProgress (1): 0.2/2.3 MBProgress (1): 0.2/2.3 MBProgress (1): 0.2/2.3 MBProgress (1): 0.2/2.3 MBProgress (1): 0.2/2.3 MBProgress (1): 0.2/2.3 MBProgress (1): 0.2/2.3 MBProgress (1): 0.2/2.3 MBProgress (1): 0.2/2.3 MBProgress (1): 0.3/2.3 MBProgress (1): 0.3/2.3 MBProgress (1): 0.3/2.3 MBProgress (1): 0.3/2.3 MBProgress (1): 0.3/2.3 MBProgress (1): 0.3/2.3 MBProgress (1): 0.3/2.3 MBProgress (1): 0.3/2.3 MBProgress (1): 0.3/2.3 MBProgress (1): 0.3/2.3 MBProgress (1): 0.3/2.3 MBProgress (1): 0.3/2.3 MBProgress (1): 0.3/2.3 MBProgress (1): 0.3/2.3 MBProgress (1): 0.3/2.3 MBProgress (1): 0.3/2.3 MBProgress (1): 0.3/2.3 MBProgress (1): 0.3/2.3 MBProgress (1): 0.3/2.3 MBProgress (1): 0.3/2.3 MBProgress (1): 0.3/2.3 MBProgress (1): 0.3/2.3 MBProgress (1): 0.3/2.3 MBProgress (1): 0.3/2.3 MBProgress (1): 0.4/2.3 MBProgress (1): 0.4/2.3 MBProgress (1): 0.4/2.3 MBProgress (1): 0.4/2.3 MBProgress (1): 0.4/2.3 MBProgress (1): 0.4/2.3 MBProgress (1): 0.4/2.3 MBProgress (1): 0.4/2.3 MBProgress (1): 0.4/2.3 MBProgress (1): 0.4/2.3 MBProgress (1): 0.4/2.3 MBProgress (1): 0.4/2.3 MBProgress (1): 0.4/2.3 MBProgress (1): 0.4/2.3 MBProgress (1): 0.4/2.3 MBProgress (1): 0.4/2.3 MBProgress (1): 0.4/2.3 MBProgress (1): 0.4/2.3 MBProgress (1): 0.4/2.3 MBProgress (1): 0.4/2.3 MBProgress (1): 0.4/2.3 MBProgress (1): 0.4/2.3 MBProgress (1): 0.4/2.3 MBProgress (1): 0.4/2.3 MBProgress (1): 0.5/2.3 MBProgress (1): 0.5/2.3 MBProgress (1): 0.5/2.3 MBProgress (1): 0.5/2.3 MBProgress (1): 0.5/2.3 MBProgress (1): 0.5/2.3 MBProgress (1): 0.5/2.3 MBProgress (1): 0.5/2.3 MBProgress (1): 0.5/2.3 MBProgress (1): 0.5/2.3 MBProgress (1): 0.5/2.3 MBProgress (1): 0.5/2.3 MBProgress (1): 0.5/2.3 MBProgress (1): 0.5/2.3 MBProgress (1): 0.5/2.3 MBProgress (1): 0.5/2.3 MBProgress (1): 0.5/2.3 MBProgress (1): 0.5/2.3 MBProgress (1): 0.5/2.3 MBProgress (1): 0.5/2.3 MBProgress (1): 0.5/2.3 MBProgress (1): 0.5/2.3 MBProgress (1): 0.5/2.3 MBProgress (1): 0.5/2.3 MBProgress (1): 0.5/2.3 MBProgress (1): 0.6/2.3 MBProgress (1): 0.6/2.3 MBProgress (1): 0.6/2.3 MBProgress (1): 0.6/2.3 MBProgress (1): 0.6/2.3 MBProgress (1): 0.6/2.3 MBProgress (1): 0.6/2.3 MBProgress (1): 0.6/2.3 MBProgress (1): 0.6/2.3 MBProgress (1): 0.6/2.3 MBProgress (1): 0.6/2.3 MBProgress (1): 0.6/2.3 MBProgress (1): 0.6/2.3 MBProgress (1): 0.6/2.3 MBProgress (1): 0.6/2.3 MBProgress (1): 0.6/2.3 MBProgress (1): 0.6/2.3 MBProgress (1): 0.6/2.3 MBProgress (1): 0.6/2.3 MBProgress (1): 0.6/2.3 MBProgress (1): 0.6/2.3 MBProgress (1): 0.6/2.3 MBProgress (1): 0.6/2.3 MBProgress (1): 0.6/2.3 MBProgress (1): 0.7/2.3 MBProgress (1): 0.7/2.3 MBProgress (1): 0.7/2.3 MBProgress (1): 0.7/2.3 MBProgress (1): 0.7/2.3 MBProgress (1): 0.7/2.3 MBProgress (1): 0.7/2.3 MBProgress (1): 0.7/2.3 MBProgress (1): 0.7/2.3 MBProgress (1): 0.7/2.3 MBProgress (1): 0.7/2.3 MBProgress (1): 0.7/2.3 MBProgress (1): 0.7/2.3 MBProgress (1): 0.7/2.3 MBProgress (1): 0.7/2.3 MBProgress (1): 0.7/2.3 MBProgress (1): 0.7/2.3 MBProgress (1): 0.7/2.3 MBProgress (1): 0.7/2.3 MBProgress (1): 0.7/2.3 MBProgress (1): 0.7/2.3 MBProgress (1): 0.7/2.3 MBProgress (1): 0.7/2.3 MBProgress (1): 0.7/2.3 MBProgress (1): 0.7/2.3 MBProgress (1): 0.8/2.3 MBProgress (1): 0.8/2.3 MBProgress (1): 0.8/2.3 MBProgress (1): 0.8/2.3 MBProgress (1): 0.8/2.3 MBProgress (1): 0.8/2.3 MBProgress (1): 0.8/2.3 MBProgress (1): 0.8/2.3 MBProgress (1): 0.8/2.3 MBProgress (1): 0.8/2.3 MBProgress (1): 0.8/2.3 MBProgress (1): 0.8/2.3 MBProgress (1): 0.8/2.3 MBProgress (1): 0.8/2.3 MBProgress (1): 0.8/2.3 MBProgress (1): 0.8/2.3 MBProgress (1): 0.8/2.3 MBProgress (1): 0.8/2.3 MBProgress (1): 0.8/2.3 MBProgress (1): 0.8/2.3 MBProgress (1): 0.8/2.3 MBProgress (1): 0.8/2.3 MBProgress (1): 0.8/2.3 MBProgress (1): 0.8/2.3 MBProgress (1): 0.9/2.3 MBProgress (1): 0.9/2.3 MBProgress (1): 0.9/2.3 MBProgress (1): 0.9/2.3 MBProgress (1): 0.9/2.3 MBProgress (1): 0.9/2.3 MBProgress (1): 0.9/2.3 MBProgress (1): 0.9/2.3 MBProgress (1): 0.9/2.3 MBProgress (1): 0.9/2.3 MBProgress (1): 0.9/2.3 MBProgress (1): 0.9/2.3 MBProgress (1): 0.9/2.3 MBProgress (1): 0.9/2.3 MBProgress (1): 0.9/2.3 MBProgress (1): 0.9/2.3 MBProgress (1): 0.9/2.3 MBProgress (1): 0.9/2.3 MBProgress (1): 0.9/2.3 MBProgress (1): 0.9/2.3 MBProgress (1): 0.9/2.3 MBProgress (1): 0.9/2.3 MBProgress (1): 0.9/2.3 MBProgress (1): 0.9/2.3 MBProgress (1): 0.9/2.3 MBProgress (1): 1.0/2.3 MBProgress (1): 1.0/2.3 MBProgress (1): 1.0/2.3 MBProgress (1): 1.0/2.3 MBProgress (1): 1.0/2.3 MBProgress (1): 1.0/2.3 MBProgress (1): 1.0/2.3 MBProgress (1): 1.0/2.3 MBProgress (1): 1.0/2.3 MBProgress (1): 1.0/2.3 MBProgress (1): 1.0/2.3 MBProgress (1): 1.0/2.3 MBProgress (1): 1.0/2.3 MBProgress (1): 1.0/2.3 MBProgress (1): 1.0/2.3 MBProgress (1): 1.0/2.3 MBProgress (1): 1.0/2.3 MBProgress (1): 1.0/2.3 MBProgress (1): 1.0/2.3 MBProgress (1): 1.0/2.3 MBProgress (1): 1.0/2.3 MBProgress (1): 1.0/2.3 MBProgress (1): 1.0/2.3 MBProgress (1): 1.0/2.3 MBProgress (1): 1.1/2.3 MBProgress (1): 1.1/2.3 MBProgress (1): 1.1/2.3 MBProgress (1): 1.1/2.3 MBProgress (1): 1.1/2.3 MBProgress (1): 1.1/2.3 MBProgress (1): 1.1/2.3 MBProgress (1): 1.1/2.3 MBProgress (1): 1.1/2.3 MBProgress (1): 1.1/2.3 MBProgress (1): 1.1/2.3 MBProgress (1): 1.1/2.3 MBProgress (1): 1.1/2.3 MBProgress (1): 1.1/2.3 MBProgress (1): 1.1/2.3 MBProgress (1): 1.1/2.3 MBProgress (1): 1.1/2.3 MBProgress (1): 1.1/2.3 MBProgress (1): 1.1/2.3 MBProgress (1): 1.1/2.3 MBProgress (1): 1.1/2.3 MBProgress (1): 1.1/2.3 MBProgress (1): 1.1/2.3 MBProgress (1): 1.1/2.3 MBProgress (1): 1.2/2.3 MBProgress (1): 1.2/2.3 MBProgress (1): 1.2/2.3 MBProgress (1): 1.2/2.3 MBProgress (1): 1.2/2.3 MBProgress (1): 1.2/2.3 MBProgress (1): 1.2/2.3 MBProgress (1): 1.2/2.3 MBProgress (1): 1.2/2.3 MBProgress (1): 1.2/2.3 MBProgress (1): 1.2/2.3 MBProgress (1): 1.2/2.3 MBProgress (1): 1.2/2.3 MBProgress (1): 1.2/2.3 MBProgress (1): 1.2/2.3 MBProgress (1): 1.2/2.3 MBProgress (1): 1.2/2.3 MBProgress (1): 1.2/2.3 MBProgress (1): 1.2/2.3 MBProgress (1): 1.2/2.3 MBProgress (1): 1.2/2.3 MBProgress (1): 1.2/2.3 MBProgress (1): 1.2/2.3 MBProgress (1): 1.2/2.3 MBProgress (1): 1.2/2.3 MBProgress (1): 1.3/2.3 MBProgress (1): 1.3/2.3 MBProgress (1): 1.3/2.3 MBProgress (1): 1.3/2.3 MBProgress (1): 1.3/2.3 MBProgress (1): 1.3/2.3 MBProgress (1): 1.3/2.3 MBProgress (1): 1.3/2.3 MBProgress (1): 1.3/2.3 MBProgress (1): 1.3/2.3 MBProgress (1): 1.3/2.3 MBProgress (1): 1.3/2.3 MBProgress (1): 1.3/2.3 MBProgress (1): 1.3/2.3 MBProgress (1): 1.3/2.3 MBProgress (1): 1.3/2.3 MBProgress (1): 1.3/2.3 MBProgress (1): 1.3/2.3 MBProgress (1): 1.3/2.3 MBProgress (1): 1.3/2.3 MBProgress (1): 1.3/2.3 MBProgress (1): 1.3/2.3 MBProgress (1): 1.3/2.3 MBProgress (1): 1.3/2.3 MBProgress (1): 1.4/2.3 MBProgress (1): 1.4/2.3 MBProgress (1): 1.4/2.3 MBProgress (1): 1.4/2.3 MBProgress (1): 1.4/2.3 MBProgress (1): 1.4/2.3 MBProgress (1): 1.4/2.3 MBProgress (1): 1.4/2.3 MBProgress (1): 1.4/2.3 MBProgress (1): 1.4/2.3 MBProgress (1): 1.4/2.3 MBProgress (1): 1.4/2.3 MBProgress (1): 1.4/2.3 MBProgress (1): 1.4/2.3 MBProgress (1): 1.4/2.3 MBProgress (1): 1.4/2.3 MBProgress (1): 1.4/2.3 MBProgress (1): 1.4/2.3 MBProgress (1): 1.4/2.3 MBProgress (1): 1.4/2.3 MBProgress (1): 1.4/2.3 MBProgress (1): 1.4/2.3 MBProgress (1): 1.4/2.3 MBProgress (1): 1.4/2.3 MBProgress (1): 1.4/2.3 MBProgress (1): 1.5/2.3 MBProgress (1): 1.5/2.3 MBProgress (1): 1.5/2.3 MBProgress (1): 1.5/2.3 MBProgress (1): 1.5/2.3 MBProgress (1): 1.5/2.3 MBProgress (1): 1.5/2.3 MBProgress (1): 1.5/2.3 MBProgress (1): 1.5/2.3 MBProgress (1): 1.5/2.3 MBProgress (1): 1.5/2.3 MBProgress (1): 1.5/2.3 MBProgress (1): 1.5/2.3 MBProgress (1): 1.5/2.3 MBProgress (1): 1.5/2.3 MBProgress (1): 1.5/2.3 MBProgress (1): 1.5/2.3 MBProgress (1): 1.5/2.3 MBProgress (1): 1.5/2.3 MBProgress (1): 1.5/2.3 MBProgress (1): 1.5/2.3 MBProgress (1): 1.5/2.3 MBProgress (1): 1.5/2.3 MBProgress (1): 1.5/2.3 MBProgress (1): 1.6/2.3 MBProgress (1): 1.6/2.3 MBProgress (1): 1.6/2.3 MBProgress (1): 1.6/2.3 MBProgress (1): 1.6/2.3 MBProgress (1): 1.6/2.3 MBProgress (1): 1.6/2.3 MBProgress (1): 1.6/2.3 MBProgress (1): 1.6/2.3 MBProgress (1): 1.6/2.3 MBProgress (1): 1.6/2.3 MBProgress (1): 1.6/2.3 MBProgress (1): 1.6/2.3 MBProgress (1): 1.6/2.3 MBProgress (1): 1.6/2.3 MBProgress (1): 1.6/2.3 MBProgress (1): 1.6/2.3 MBProgress (1): 1.6/2.3 MBProgress (1): 1.6/2.3 MBProgress (1): 1.6/2.3 MBProgress (1): 1.6/2.3 MBProgress (1): 1.6/2.3 MBProgress (1): 1.6/2.3 MBProgress (1): 1.6/2.3 MBProgress (1): 1.7/2.3 MBProgress (1): 1.7/2.3 MBProgress (1): 1.7/2.3 MBProgress (1): 1.7/2.3 MBProgress (1): 1.7/2.3 MBProgress (1): 1.7/2.3 MBProgress (1): 1.7/2.3 MBProgress (1): 1.7/2.3 MBProgress (1): 1.7/2.3 MBProgress (1): 1.7/2.3 MBProgress (1): 1.7/2.3 MBProgress (1): 1.7/2.3 MBProgress (1): 1.7/2.3 MBProgress (1): 1.7/2.3 MBProgress (1): 1.7/2.3 MBProgress (1): 1.7/2.3 MBProgress (1): 1.7/2.3 MBProgress (1): 1.7/2.3 MBProgress (1): 1.7/2.3 MBProgress (1): 1.7/2.3 MBProgress (1): 1.7/2.3 MBProgress (1): 1.7/2.3 MBProgress (1): 1.7/2.3 MBProgress (1): 1.7/2.3 MBProgress (1): 1.7/2.3 MBProgress (1): 1.8/2.3 MBProgress (1): 1.8/2.3 MBProgress (1): 1.8/2.3 MBProgress (1): 1.8/2.3 MBProgress (1): 1.8/2.3 MBProgress (1): 1.8/2.3 MBProgress (1): 1.8/2.3 MBProgress (1): 1.8/2.3 MBProgress (1): 1.8/2.3 MBProgress (1): 1.8/2.3 MBProgress (1): 1.8/2.3 MBProgress (1): 1.8/2.3 MBProgress (1): 1.8/2.3 MBProgress (1): 1.8/2.3 MBProgress (1): 1.8/2.3 MBProgress (1): 1.8/2.3 MBProgress (1): 1.8/2.3 MBProgress (1): 1.8/2.3 MBProgress (1): 1.8/2.3 MBProgress (1): 1.8/2.3 MBProgress (1): 1.8/2.3 MBProgress (1): 1.8/2.3 MBProgress (1): 1.8/2.3 MBProgress (1): 1.8/2.3 MBProgress (1): 1.9/2.3 MBProgress (1): 1.9/2.3 MBProgress (1): 1.9/2.3 MBProgress (1): 1.9/2.3 MBProgress (1): 1.9/2.3 MBProgress (1): 1.9/2.3 MBProgress (1): 1.9/2.3 MBProgress (1): 1.9/2.3 MBProgress (1): 1.9/2.3 MBProgress (1): 1.9/2.3 MBProgress (1): 1.9/2.3 MBProgress (1): 1.9/2.3 MBProgress (1): 1.9/2.3 MBProgress (1): 1.9/2.3 MBProgress (1): 1.9/2.3 MBProgress (1): 1.9/2.3 MBProgress (1): 1.9/2.3 MBProgress (1): 1.9/2.3 MBProgress (1): 1.9/2.3 MBProgress (1): 1.9/2.3 MBProgress (1): 1.9/2.3 MBProgress (1): 1.9/2.3 MBProgress (1): 1.9/2.3 MBProgress (1): 1.9/2.3 MBProgress (1): 1.9/2.3 MBProgress (1): 2.0/2.3 MBProgress (1): 2.0/2.3 MBProgress (1): 2.0/2.3 MBProgress (1): 2.0/2.3 MBProgress (1): 2.0/2.3 MBProgress (1): 2.0/2.3 MBProgress (1): 2.0/2.3 MBProgress (1): 2.0/2.3 MBProgress (1): 2.0/2.3 MBProgress (1): 2.0/2.3 MBProgress (1): 2.0/2.3 MBProgress (1): 2.0/2.3 MBProgress (1): 2.0/2.3 MBProgress (1): 2.0/2.3 MBProgress (1): 2.0/2.3 MBProgress (1): 2.0/2.3 MBProgress (1): 2.0/2.3 MBProgress (1): 2.0/2.3 MBProgress (1): 2.0/2.3 MBProgress (1): 2.0/2.3 MBProgress (1): 2.0/2.3 MBProgress (1): 2.0/2.3 MBProgress (1): 2.0/2.3 MBProgress (1): 2.0/2.3 MBProgress (1): 2.1/2.3 MBProgress (1): 2.1/2.3 MBProgress (1): 2.1/2.3 MBProgress (1): 2.1/2.3 MBProgress (1): 2.1/2.3 MBProgress (1): 2.1/2.3 MBProgress (1): 2.1/2.3 MBProgress (1): 2.1/2.3 MBProgress (1): 2.1/2.3 MBProgress (1): 2.1/2.3 MBProgress (1): 2.1/2.3 MBProgress (1): 2.1/2.3 MBProgress (1): 2.1/2.3 MBProgress (1): 2.1/2.3 MBProgress (1): 2.1/2.3 MBProgress (1): 2.1/2.3 MBProgress (1): 2.1/2.3 MBProgress (1): 2.1/2.3 MBProgress (1): 2.1/2.3 MBProgress (1): 2.1/2.3 MBProgress (1): 2.1/2.3 MBProgress (1): 2.1/2.3 MBProgress (1): 2.1/2.3 MBProgress (1): 2.1/2.3 MBProgress (1): 2.1/2.3 MBProgress (1): 2.2/2.3 MBProgress (1): 2.2/2.3 MBProgress (1): 2.2/2.3 MBProgress (1): 2.2/2.3 MBProgress (1): 2.2/2.3 MBProgress (1): 2.2/2.3 MBProgress (1): 2.2/2.3 MBProgress (1): 2.2/2.3 MBProgress (1): 2.2/2.3 MBProgress (1): 2.2/2.3 MBProgress (1): 2.2/2.3 MBProgress (1): 2.2/2.3 MBProgress (1): 2.2/2.3 MBProgress (1): 2.2/2.3 MBProgress (1): 2.2/2.3 MBProgress (1): 2.2/2.3 MBProgress (1): 2.2/2.3 MBProgress (1): 2.2/2.3 MBProgress (1): 2.2/2.3 MBProgress (1): 2.2/2.3 MBProgress (1): 2.2/2.3 MBProgress (1): 2.2/2.3 MBProgress (1): 2.2/2.3 MBProgress (1): 2.2/2.3 MBProgress (1): 2.3/2.3 MBProgress (1): 2.3 MB                        Downloaded from central: https://repo.maven.apache.org/maven2/com/google/guava/guava/18.0/guava-18.0.jar (2.3 MB at 7.9 MB/s)
[INFO] ------------------------------------------------------------------------
[INFO] BUILD SUCCESS
[INFO] ------------------------------------------------------------------------
[INFO] Total time: 6.330 s
[INFO] Finished at: 2018-06-23T11:28:16-07:00
[INFO] ------------------------------------------------------------------------

D:\DEV\Workspaces\STS\Sandbox\spring-boot-rest>if ERRORLEVEL 1 goto error 

D:\DEV\Workspaces\STS\Sandbox\spring-boot-rest>goto end 

D:\DEV\Workspaces\STS\Sandbox\spring-boot-rest>if not "" == "" goto skipRcPost 

D:\DEV\Workspaces\STS\Sandbox\spring-boot-rest>if exist "C:\Users\User1\mavenrc_post.bat" call "C:\Users\User1\mavenrc_post.bat" 

D:\DEV\Workspaces\STS\Sandbox\spring-boot-rest>if exist "C:\Users\User1\mavenrc_post.cmd" call "C:\Users\User1\mavenrc_post.cmd" 

D:\DEV\Workspaces\STS\Sandbox\spring-boot-rest>if "" == "on" pause

D:\DEV\Workspaces\STS\Sandbox\spring-boot-rest>if "" == "on" exit 0 

D:\DEV\Workspaces\STS\Sandbox\spring-boot-rest>exit /B 0 
